Archive member included to satisfy reference by file (symbol)

/usr/bin/../lib/gcc/arm-none-eabi/7.3.1/../../../../arm-none-eabi/lib/thumb/v7e-m/fpv4-sp/hard/libc.a(lib_a-exit.o)
                              /usr/bin/../lib/gcc/arm-none-eabi/7.3.1/../../../../arm-none-eabi/lib/thumb/v7e-m/fpv4-sp/hard/crt0.o (exit)
/usr/bin/../lib/gcc/arm-none-eabi/7.3.1/../../../../arm-none-eabi/lib/thumb/v7e-m/fpv4-sp/hard/libc.a(lib_a-impure.o)
                              /usr/bin/../lib/gcc/arm-none-eabi/7.3.1/../../../../arm-none-eabi/lib/thumb/v7e-m/fpv4-sp/hard/libc.a(lib_a-exit.o) (_global_impure_ptr)
/usr/bin/../lib/gcc/arm-none-eabi/7.3.1/../../../../arm-none-eabi/lib/thumb/v7e-m/fpv4-sp/hard/libc.a(lib_a-init.o)
                              /usr/bin/../lib/gcc/arm-none-eabi/7.3.1/../../../../arm-none-eabi/lib/thumb/v7e-m/fpv4-sp/hard/crt0.o (__libc_init_array)
/usr/bin/../lib/gcc/arm-none-eabi/7.3.1/../../../../arm-none-eabi/lib/thumb/v7e-m/fpv4-sp/hard/libc.a(lib_a-locale.o)
                              _build/nrf_log_str_formatter.o (__locale_ctype_ptr)
/usr/bin/../lib/gcc/arm-none-eabi/7.3.1/../../../../arm-none-eabi/lib/thumb/v7e-m/fpv4-sp/hard/libc.a(lib_a-mbtowc_r.o)
                              /usr/bin/../lib/gcc/arm-none-eabi/7.3.1/../../../../arm-none-eabi/lib/thumb/v7e-m/fpv4-sp/hard/libc.a(lib_a-locale.o) (__ascii_mbtowc)
/usr/bin/../lib/gcc/arm-none-eabi/7.3.1/../../../../arm-none-eabi/lib/thumb/v7e-m/fpv4-sp/hard/libc.a(lib_a-memcmp.o)
                              _build/nrf_twi_mngr.o (memcmp)
/usr/bin/../lib/gcc/arm-none-eabi/7.3.1/../../../../arm-none-eabi/lib/thumb/v7e-m/fpv4-sp/hard/libc.a(lib_a-memcpy.o)
                              _build/kobukiActuator.o (memcpy)
/usr/bin/../lib/gcc/arm-none-eabi/7.3.1/../../../../arm-none-eabi/lib/thumb/v7e-m/fpv4-sp/hard/libc.a(lib_a-memset.o)
                              /usr/bin/../lib/gcc/arm-none-eabi/7.3.1/../../../../arm-none-eabi/lib/thumb/v7e-m/fpv4-sp/hard/crt0.o (memset)
/usr/bin/../lib/gcc/arm-none-eabi/7.3.1/../../../../arm-none-eabi/lib/thumb/v7e-m/fpv4-sp/hard/libc.a(lib_a-printf.o)
                              _build/main.o (printf)
/usr/bin/../lib/gcc/arm-none-eabi/7.3.1/../../../../arm-none-eabi/lib/thumb/v7e-m/fpv4-sp/hard/libc.a(lib_a-puts.o)
                              _build/main.o (puts)
/usr/bin/../lib/gcc/arm-none-eabi/7.3.1/../../../../arm-none-eabi/lib/thumb/v7e-m/fpv4-sp/hard/libc.a(lib_a-rand.o)
                              _build/main.o (rand)
/usr/bin/../lib/gcc/arm-none-eabi/7.3.1/../../../../arm-none-eabi/lib/thumb/v7e-m/fpv4-sp/hard/libc.a(lib_a-setbuf.o)
                              _build/before_startup.o (setbuf)
/usr/bin/../lib/gcc/arm-none-eabi/7.3.1/../../../../arm-none-eabi/lib/thumb/v7e-m/fpv4-sp/hard/libc.a(lib_a-setvbuf.o)
                              /usr/bin/../lib/gcc/arm-none-eabi/7.3.1/../../../../arm-none-eabi/lib/thumb/v7e-m/fpv4-sp/hard/libc.a(lib_a-setbuf.o) (setvbuf)
/usr/bin/../lib/gcc/arm-none-eabi/7.3.1/../../../../arm-none-eabi/lib/thumb/v7e-m/fpv4-sp/hard/libc.a(lib_a-snprintf.o)
                              _build/main.o (snprintf)
/usr/bin/../lib/gcc/arm-none-eabi/7.3.1/../../../../arm-none-eabi/lib/thumb/v7e-m/fpv4-sp/hard/libc.a(lib_a-strcmp.o)
                              /usr/bin/../lib/gcc/arm-none-eabi/7.3.1/../../../../arm-none-eabi/lib/thumb/v7e-m/fpv4-sp/hard/libc.a(lib_a-locale.o) (strcmp)
/usr/bin/../lib/gcc/arm-none-eabi/7.3.1/../../../../arm-none-eabi/lib/thumb/v7e-m/fpv4-sp/hard/libc.a(lib_a-strcpy.o)
                              _build/SEGGER_RTT.o (strcpy)
/usr/bin/../lib/gcc/arm-none-eabi/7.3.1/../../../../arm-none-eabi/lib/thumb/v7e-m/fpv4-sp/hard/libc.a(lib_a-strlen.o)
                              _build/display.o (strlen)
/usr/bin/../lib/gcc/arm-none-eabi/7.3.1/../../../../arm-none-eabi/lib/thumb/v7e-m/fpv4-sp/hard/libc.a(lib_a-svfprintf.o)
                              /usr/bin/../lib/gcc/arm-none-eabi/7.3.1/../../../../arm-none-eabi/lib/thumb/v7e-m/fpv4-sp/hard/libc.a(lib_a-snprintf.o) (_svfprintf_r)
/usr/bin/../lib/gcc/arm-none-eabi/7.3.1/../../../../arm-none-eabi/lib/thumb/v7e-m/fpv4-sp/hard/libc.a(lib_a-vfprintf.o)
                              /usr/bin/../lib/gcc/arm-none-eabi/7.3.1/../../../../arm-none-eabi/lib/thumb/v7e-m/fpv4-sp/hard/libc.a(lib_a-printf.o) (_vfprintf_r)
/usr/bin/../lib/gcc/arm-none-eabi/7.3.1/../../../../arm-none-eabi/lib/thumb/v7e-m/fpv4-sp/hard/libc.a(lib_a-vsnprintf.o)
                              _build/simple_logger.o (vsnprintf)
/usr/bin/../lib/gcc/arm-none-eabi/7.3.1/../../../../arm-none-eabi/lib/thumb/v7e-m/fpv4-sp/hard/libc.a(lib_a-wctomb_r.o)
                              /usr/bin/../lib/gcc/arm-none-eabi/7.3.1/../../../../arm-none-eabi/lib/thumb/v7e-m/fpv4-sp/hard/libc.a(lib_a-locale.o) (__ascii_wctomb)
/usr/bin/../lib/gcc/arm-none-eabi/7.3.1/../../../../arm-none-eabi/lib/thumb/v7e-m/fpv4-sp/hard/libc.a(lib_a-wsetup.o)
[...]
Memory Configuration

Name             Origin             Length             Attributes
FLASH            0x0000000000026000 0x0000000000059000 xr
RAM              0x00000000200098a8 0x0000000000006758 xrw
bootloader_settings_page 0x000000000007f000 0x0000000000001000 r
uicr_bootloader_start_address 0x0000000010001014 0x0000000000000004 r
*default*        0x0000000000000000 0xffffffffffffffff

Linker script and memory map


.text           0x0000000000026000    0x117b4
 *(.isr_vector)
 .isr_vector    0x0000000000026000      0x200 _build/gcc_startup_nrf52.os
                0x0000000000026000                __isr_vector
 *(.text*)
 .text          0x0000000000026200       0x40 /usr/bin/../lib/gcc/arm-none-eabi/7.3.1/thumb/v7e-m/fpv4-sp/hard/crtbegin.o
 .text          0x0000000000026240       0x74 /usr/bin/../lib/gcc/arm-none-eabi/7.3.1/../../../../arm-none-eabi/lib/thumb/v7e-m/fpv4-sp/hard/crt0.o
                0x0000000000026240                _mainCRTStartup
                0x0000000000026240                _start
 .text.sd_ble_gap_scan_stop
                0x00000000000262b4        0x4 _build/main.o
 .text.ble_evt_adv_report
                0x00000000000262b8      0x124 _build/main.o
                0x00000000000262b8                ble_evt_adv_report
 *fill*         0x00000000000263dc        0x4 
 .text.startup.main
                0x00000000000263e0      0x678 _build/main.o
                0x00000000000263e0                main
 .text.nrf_drv_spi_transfer.constprop.1
                0x0000000000026a58       0x1c _build/display.o
 .text.nrf_delay_ms.part.0.constprop.2
                0x0000000000026a74       0x1c _build/display.o
 .text.display_init
                0x0000000000026a90       0xf0 _build/display.o
                0x0000000000026a90                display_init
 .text.display_write
                0x0000000000026b80       0xa4 _build/display.o
                0x0000000000026b80                display_write
 .text.gyro_timer_event_handler
                0x0000000000026c24        0x2 _build/mpu9250.o
 *fill*         0x0000000000026c26        0x2 
 .text.i2c_reg_write
                0x0000000000026c28       0x48 _build/mpu9250.o
 .text.i2c_reg_read
                0x0000000000026c70       0x64 _build/mpu9250.o
 .text.nrf_delay_ms.part.0
                0x0000000000026cd4       0x1c _build/mpu9250.o
 .text.mpu9250_init
                0x0000000000026cf0       0xa4 _build/mpu9250.o
                0x0000000000026cf0                mpu9250_init
 *fill*         0x0000000000026d94        0x4 
 .text.mpu9250_read_gyro
                0x0000000000026d98       0xc8 _build/mpu9250.o
                0x0000000000026d98                mpu9250_read_gyro
 .text.mpu9250_start_gyro_integration
                0x0000000000026e60       0x3c _build/mpu9250.o
                0x0000000000026e60                mpu9250_start_gyro_integration
 .text.mpu9250_stop_gyro_integration
                0x0000000000026e9c        0xc _build/mpu9250.o
                0x0000000000026e9c                mpu9250_stop_gyro_integration
 .text.mpu9250_read_gyro_integration
                0x0000000000026ea8       0xd0 _build/mpu9250.o
                0x0000000000026ea8                mpu9250_read_gyro_integration
 .text.kobukiReadFeedbackPacket
                0x0000000000026f78       0xc4 _build/kobukiUART.o
                0x0000000000026f78                kobukiReadFeedbackPacket
 .text.kobukiParseSensorPacket
                0x000000000002703c      0x304 _build/kobukiSensor.o
                0x000000000002703c                kobukiParseSensorPacket
 .text.uart_error_handle
                0x0000000000027340        0xe _build/kobukiUtilities.o
 *fill*         0x000000000002734e        0x2 
 .text.kobukiInit
                0x0000000000027350       0x58 _build/kobukiUtilities.o
                0x0000000000027350                kobukiInit
 .text.checkSumRead
                0x00000000000273a8       0x18 _build/kobukiUtilities.o
                0x00000000000273a8                checkSumRead
 .text.checkSum
                0x00000000000273c0        0x4 _build/kobukiUtilities.o
                0x00000000000273c0                checkSum
 .text.is_button_pressed
                0x00000000000273c4       0x44 _build/kobukiUtilities.o
                0x00000000000273c4                is_button_pressed
 .text.kobukiSensorPoll
                0x0000000000027408       0x28 _build/kobukiSensorPoll.o
                0x0000000000027408                kobukiSensorPoll
 .text.kobukiSendPayload
                0x0000000000027430       0x64 _build/kobukiActuator.o
 .text.kobukiDriveRadius
                0x0000000000027494       0x20 _build/kobukiActuator.o
                0x0000000000027494                kobukiDriveRadius
 *fill*         0x00000000000274b4        0x4 
 .text.kobukiDriveDirect
                0x00000000000274b8       0x80 _build/kobukiActuator.o
                0x00000000000274b8                kobukiDriveDirect
 .text.nrf_delay_ms.part.0
                0x0000000000027538       0x1c _build/better_error_handling.o
 .text.app_error_fault_handler
                0x0000000000027554      0x128 _build/better_error_handling.o
                0x0000000000027554                app_error_fault_handler
 .text.HardFault_process
                0x000000000002767c       0x9a _build/better_error_handling.o
                0x000000000002767c                HardFault_process
 .text._GetAvailWriteSpace
                0x0000000000027716       0x1c _build/SEGGER_RTT.o
 .text._WriteNoCheck
                0x0000000000027732       0x3a _build/SEGGER_RTT.o
 .text._WriteBlocking
                0x000000000002776c       0x52 _build/SEGGER_RTT.o
 *fill*         0x00000000000277be        0x2 
 .text._DoInit  0x00000000000277c0       0x60 _build/SEGGER_RTT.o
 .text.SEGGER_RTT_WriteNoLock
                0x0000000000027820       0x68 _build/SEGGER_RTT.o
                0x0000000000027820                SEGGER_RTT_WriteNoLock
 .text.SEGGER_RTT_Write
                0x0000000000027888       0x3c _build/SEGGER_RTT.o
                0x0000000000027888                SEGGER_RTT_Write
 .text.SEGGER_RTT_Init
                0x00000000000278c4        0x4 _build/SEGGER_RTT.o
                0x00000000000278c4                SEGGER_RTT_Init
 .text._write_r
                0x00000000000278c8       0x12 _build/SEGGER_RTT_Syscalls_GCC.o
                0x00000000000278c8                _write_r
 .text.app_error_handler
                0x00000000000278da       0x1a _build/app_error_handler_gcc.o
                0x00000000000278da                app_error_handler
 .text.user_op_alloc
                0x00000000000278f4       0x2c _build/app_timer.o
 .text.timer_stop_op_schedule
                0x0000000000027920       0x50 _build/app_timer.o
 .text.nrfx_coredep_delay_us.constprop.3
                0x0000000000027970       0x10 _build/app_timer.o
 .text.RTC1_IRQHandler
                0x0000000000027980       0x9c _build/app_timer.o
                0x0000000000027980                RTC1_IRQHandler
 .text.SWI0_EGU0_IRQHandler
                0x0000000000027a1c      0x2a4 _build/app_timer.o
                0x0000000000027a1c                SWI0_EGU0_IRQHandler
 .text.app_timer_init
                0x0000000000027cc0       0x88 _build/app_timer.o
                0x0000000000027cc0                app_timer_init
 .text.app_timer_create
                0x0000000000027d48       0x24 _build/app_timer.o
                0x0000000000027d48                app_timer_create
 .text.app_timer_start
                0x0000000000027d6c       0x88 _build/app_timer.o
                0x0000000000027d6c                app_timer_start
 .text.app_timer_stop
                0x0000000000027df4       0x20 _build/app_timer.o
                0x0000000000027df4                app_timer_stop
 .text.nrf_drv_uart_rx.constprop.3
                0x0000000000027e14       0x28 _build/app_uart.o
 .text.uart_event_handler
                0x0000000000027e3c       0x58 _build/app_uart.o
 .text.app_uart_init
                0x0000000000027e94       0x84 _build/app_uart.o
                0x0000000000027e94                app_uart_init
 .text.app_uart_get
                0x0000000000027f18       0x30 _build/app_uart.o
                0x0000000000027f18                app_uart_get
 .text.app_uart_put
                0x0000000000027f48       0x40 _build/app_uart.o
                0x0000000000027f48                app_uart_put
 .text.app_uart_flush
                0x0000000000027f88        0x4 _build/app_uart.o
                0x0000000000027f88                app_uart_flush
 .text.privilege_level_get
                0x0000000000027f8c       0x1a _build/app_util_platform.o
                0x0000000000027f8c                privilege_level_get
 *fill*         0x0000000000027fa6        0x2 
 .text.app_util_critical_region_enter
                0x0000000000027fa8       0x60 _build/app_util_platform.o
                0x0000000000027fa8                app_util_critical_region_enter
 .text.app_util_critical_region_exit
                0x0000000000028008       0x40 _build/app_util_platform.o
                0x0000000000028008                app_util_critical_region_exit
 .text.startup.called_first
                0x0000000000028048       0x10 _build/before_startup.o
                0x0000000000028048                called_first
 .text.HardFault_Handler
                0x0000000000028058       0x34 _build/hardfault_handler_gcc.o
                0x0000000000028058                HardFault_Handler
 .text.HardFault_c_handler
                0x000000000002808c      0x10c _build/hardfault_implementation.o
                0x000000000002808c                HardFault_c_handler
 .text.nrf_atomic_u32_fetch_store
                0x0000000000028198       0x14 _build/nrf_atomic.o
                0x0000000000028198                nrf_atomic_u32_fetch_store
 .text.nrf_atomic_u32_or
                0x00000000000281ac       0x16 _build/nrf_atomic.o
                0x00000000000281ac                nrf_atomic_u32_or
 .text.nrf_atomic_u32_fetch_and
                0x00000000000281c2       0x16 _build/nrf_atomic.o
                0x00000000000281c2                nrf_atomic_u32_fetch_and
 .text.nrf_atomic_u32_add
                0x00000000000281d8       0x16 _build/nrf_atomic.o
                0x00000000000281d8                nrf_atomic_u32_add
 .text.nrf_atomic_u32_sub
                0x00000000000281ee       0x16 _build/nrf_atomic.o
                0x00000000000281ee                nrf_atomic_u32_sub
 .text.nrf_atomic_flag_set
                0x0000000000028204        0x6 _build/nrf_atomic.o
                0x0000000000028204                nrf_atomic_flag_set
 .text.nrf_atomic_flag_clear_fetch
                0x000000000002820a        0x6 _build/nrf_atomic.o
                0x000000000002820a                nrf_atomic_flag_clear_fetch
 .text.nrf_balloc_init
                0x0000000000028210       0x7c _build/nrf_balloc.o
                0x0000000000028210                nrf_balloc_init
 .text.nrf_balloc_alloc
                0x000000000002828c       0x58 _build/nrf_balloc.o
                0x000000000002828c                nrf_balloc_alloc
 .text.nrf_balloc_free
                0x00000000000282e4       0x50 _build/nrf_balloc.o
                0x00000000000282e4                nrf_balloc_free
 .text.clock_clk_started_notify
                0x0000000000028334       0x28 _build/nrf_drv_clock.o
 .text.clock_irq_handler
                0x000000000002835c       0x1c _build/nrf_drv_clock.o
 .text.soc_evt_handler
                0x0000000000028378       0x14 _build/nrf_drv_clock.o
 .text.nrf_drv_clock_init
                0x000000000002838c       0x38 _build/nrf_drv_clock.o
                0x000000000002838c                nrf_drv_clock_init
 .text.nrf_drv_clock_lfclk_release
                0x00000000000283c4       0x60 _build/nrf_drv_clock.o
                0x00000000000283c4                nrf_drv_clock_lfclk_release
 .text.sd_state_evt_handler
                0x0000000000028424       0x6c _build/nrf_drv_clock.o
 .text.spim_evt_handler
                0x0000000000028490       0x3c _build/nrf_drv_spi.o
 .text.nrf_drv_spi_init
                0x00000000000284cc       0x80 _build/nrf_drv_spi.o
                0x00000000000284cc                nrf_drv_spi_init
 .text.twim_evt_handler
                0x000000000002854c       0x48 _build/nrf_drv_twi.o
 .text.nrf_gpio_pin_port_decode.isra.0.part.1
                0x0000000000028594       0x10 _build/nrf_drv_twi.o
 .text.nrf_gpio_pin_set
                0x00000000000285a4       0x1c _build/nrf_drv_twi.o
 .text.nrfx_coredep_delay_us.constprop.2
                0x00000000000285c0       0x10 _build/nrf_drv_twi.o
 .text.nrf_drv_twi_init
                0x00000000000285d0       0xec _build/nrf_drv_twi.o
                0x00000000000285d0                nrf_drv_twi_init
 .text.uarte_evt_handler
                0x00000000000286bc       0x34 _build/nrf_drv_uart.o
 .text.uart_evt_handler
                0x00000000000286f0       0x34 _build/nrf_drv_uart.o
 .text.nrf_drv_uart_init
                0x0000000000028724       0x7c _build/nrf_drv_uart.o
                0x0000000000028724                nrf_drv_uart_init
 .text.nrf_fprintf_buffer_flush
                0x00000000000287a0       0x24 _build/nrf_fprintf.o
                0x00000000000287a0                nrf_fprintf_buffer_flush
 .text.nrf_fprintf
                0x00000000000287c4       0x58 _build/nrf_fprintf.o
                0x00000000000287c4                nrf_fprintf
 .text.buffer_add
                0x000000000002881c       0x1e _build/nrf_fprintf_format.o
 *fill*         0x000000000002883a        0x2 
 .text.unsigned_print
                0x000000000002883c       0xac _build/nrf_fprintf_format.o
 .text.nrf_fprintf_fmt
                0x00000000000288e8      0x2c4 _build/nrf_fprintf_format.o
                0x00000000000288e8                nrf_fprintf_fmt
 .text.nrf_fstorage_is_busy
                0x0000000000028bac       0x4c _build/nrf_fstorage.o
                0x0000000000028bac                nrf_fstorage_is_busy
 .text.nrf_log_backend_rtt_flush
                0x0000000000028bf8        0x2 _build/nrf_log_backend_rtt.o
 *fill*         0x0000000000028bfa        0x2 
 .text.nrf_log_backend_rtt_put
                0x0000000000028bfc       0x1c _build/nrf_log_backend_rtt.o
 .text.serial_tx
                0x0000000000028c18       0x50 _build/nrf_log_backend_rtt.o
 .text.nrf_log_backend_rtt_panic_set
                0x0000000000028c68        0x2 _build/nrf_log_backend_rtt.o
 .text.nrf_log_backend_rtt_init
                0x0000000000028c6a        0x4 _build/nrf_log_backend_rtt.o
                0x0000000000028c6a                nrf_log_backend_rtt_init
 .text.nrf_log_backend_serial_put
                0x0000000000028c6e       0xcc _build/nrf_log_backend_serial.o
                0x0000000000028c6e                nrf_log_backend_serial_put
 *fill*         0x0000000000028d3a        0x2 
 .text.nrf_log_default_backends_init
                0x0000000000028d3c       0x2c _build/nrf_log_default_backends.o
                0x0000000000028d3c                nrf_log_default_backends_init
 .text.invalid_packets_pushed_str_omit
                0x0000000000028d68       0x60 _build/nrf_log_frontend.o
 .text.buf_prealloc
                0x0000000000028dc8      0x138 _build/nrf_log_frontend.o
 .text.nrf_log_init
                0x0000000000028f00       0x54 _build/nrf_log_frontend.o
                0x0000000000028f00                nrf_log_init
 .text.nrf_log_module_name_get
                0x0000000000028f54       0x3c _build/nrf_log_frontend.o
                0x0000000000028f54                nrf_log_module_name_get
 .text.nrf_log_color_id_get
                0x0000000000028f90       0x2c _build/nrf_log_frontend.o
                0x0000000000028f90                nrf_log_color_id_get
 .text.buffer_is_empty
                0x0000000000028fbc       0x14 _build/nrf_log_frontend.o
                0x0000000000028fbc                buffer_is_empty
 .text.nrf_log_frontend_dequeue
                0x0000000000028fd0      0x214 _build/nrf_log_frontend.o
                0x0000000000028fd0                nrf_log_frontend_dequeue
 .text.std_n    0x00000000000291e4       0xd8 _build/nrf_log_frontend.o
 .text.nrf_log_frontend_std_0
                0x00000000000292bc        0x8 _build/nrf_log_frontend.o
                0x00000000000292bc                nrf_log_frontend_std_0
 .text.nrf_log_frontend_std_1
                0x00000000000292c4       0x14 _build/nrf_log_frontend.o
                0x00000000000292c4                nrf_log_frontend_std_1
 .text.nrf_log_frontend_std_2
                0x00000000000292d8       0x14 _build/nrf_log_frontend.o
                0x00000000000292d8                nrf_log_frontend_std_2
 .text.nrf_log_frontend_std_3
                0x00000000000292ec       0x18 _build/nrf_log_frontend.o
                0x00000000000292ec                nrf_log_frontend_std_3
 .text.nrf_log_frontend_std_4
                0x0000000000029304       0x1c _build/nrf_log_frontend.o
                0x0000000000029304                nrf_log_frontend_std_4
 .text.nrf_log_backend_add
                0x0000000000029320       0x44 _build/nrf_log_frontend.o
                0x0000000000029320                nrf_log_backend_add
 .text.nrf_log_panic
                0x0000000000029364       0x28 _build/nrf_log_frontend.o
                0x0000000000029364                nrf_log_panic
 .text.postfix_process
                0x000000000002938c       0x3c _build/nrf_log_str_formatter.o
 .text.prefix_process
                0x00000000000293c8       0x78 _build/nrf_log_str_formatter.o
 .text.nrf_log_std_entry_process
                0x0000000000029440       0xc8 _build/nrf_log_str_formatter.o
                0x0000000000029440                nrf_log_std_entry_process
 .text.nrf_log_hexdump_entry_process
                0x0000000000029508       0xb0 _build/nrf_log_str_formatter.o
                0x0000000000029508                nrf_log_hexdump_entry_process
 .text.memobj_op
                0x00000000000295b8       0x84 _build/nrf_memobj.o
 .text.nrf_memobj_pool_init
                0x000000000002963c        0x4 _build/nrf_memobj.o
                0x000000000002963c                nrf_memobj_pool_init
 .text.nrf_memobj_free
                0x0000000000029640       0x2c _build/nrf_memobj.o
                0x0000000000029640                nrf_memobj_free
 .text.nrf_memobj_alloc
                0x000000000002966c       0x5e _build/nrf_memobj.o
                0x000000000002966c                nrf_memobj_alloc
 .text.nrf_memobj_get
                0x00000000000296ca        0x8 _build/nrf_memobj.o
                0x00000000000296ca                nrf_memobj_get
 .text.nrf_memobj_put
                0x00000000000296d2       0x1e _build/nrf_memobj.o
                0x00000000000296d2                nrf_memobj_put
 .text.nrf_memobj_write
                0x00000000000296f0        0xe _build/nrf_memobj.o
                0x00000000000296f0                nrf_memobj_write
 .text.nrf_memobj_read
                0x00000000000296fe        0xe _build/nrf_memobj.o
                0x00000000000296fe                nrf_memobj_read
 .text.queue_utilization_get
                0x000000000002970c       0x18 _build/nrf_queue.o
 .text.nrf_queue_next_idx
                0x0000000000029724       0x20 _build/nrf_queue.o
 .text.nrf_queue_is_full
                0x0000000000029744       0x28 _build/nrf_queue.o
                0x0000000000029744                nrf_queue_is_full
 .text.nrf_queue_push
                0x000000000002976c       0xc8 _build/nrf_queue.o
                0x000000000002976c                nrf_queue_push
 .text.nrf_queue_is_empty
                0x0000000000029834       0x24 _build/nrf_queue.o
                0x0000000000029834                nrf_queue_is_empty
 .text.nrf_queue_generic_pop
                0x0000000000029858       0xa8 _build/nrf_queue.o
                0x0000000000029858                nrf_queue_generic_pop
 .text.nrf_section_iter_init
                0x0000000000029900       0x34 _build/nrf_section_iter.o
                0x0000000000029900                nrf_section_iter_init
 .text.nrf_section_iter_next
                0x0000000000029934       0x38 _build/nrf_section_iter.o
                0x0000000000029934                nrf_section_iter_next
 .text.nrf_strerror_find
                0x000000000002996c       0x3c _build/nrf_strerror.o
                0x000000000002996c                nrf_strerror_find
 .text.nrf_strerror_get
                0x00000000000299a8       0x14 _build/nrf_strerror.o
                0x00000000000299a8                nrf_strerror_get
 .text.internal_transaction_cb
                0x00000000000299bc        0xa _build/nrf_twi_mngr.o
 *fill*         0x00000000000299c6        0x2 
 .text.transaction_end_signal
                0x00000000000299c8       0x30 _build/nrf_twi_mngr.o
 .text.start_transfer
                0x00000000000299f8       0xc4 _build/nrf_twi_mngr.o
 .text.start_pending_transaction
                0x0000000000029abc       0xb8 _build/nrf_twi_mngr.o
 .text.twi_event_handler
                0x0000000000029b74       0x58 _build/nrf_twi_mngr.o
 .text.nrf_twi_mngr_init
                0x0000000000029bcc       0x74 _build/nrf_twi_mngr.o
                0x0000000000029bcc                nrf_twi_mngr_init
 .text.nrf_twi_mngr_schedule
                0x0000000000029c40       0x60 _build/nrf_twi_mngr.o
                0x0000000000029c40                nrf_twi_mngr_schedule
 .text.nrf_twi_mngr_perform
                0x0000000000029ca0       0x80 _build/nrf_twi_mngr.o
                0x0000000000029ca0                nrf_twi_mngr_perform
 .text.nrf_clock_event_clear
                0x0000000000029d20       0x14 _build/nrfx_clock.o
 .text.nrfx_clock_init
                0x0000000000029d34       0x2c _build/nrfx_clock.o
                0x0000000000029d34                nrfx_clock_init
 .text.nrfx_clock_enable
                0x0000000000029d60       0x40 _build/nrfx_clock.o
                0x0000000000029d60                nrfx_clock_enable
 .text.nrfx_clock_lfclk_stop
                0x0000000000029da0       0x30 _build/nrfx_clock.o
                0x0000000000029da0                nrfx_clock_lfclk_stop
 .text.POWER_CLOCK_IRQHandler
                0x0000000000029dd0       0x58 _build/nrfx_clock.o
                0x0000000000029dd0                POWER_CLOCK_IRQHandler
 .text.nrf_gpiote_event_clear
                0x0000000000029e28       0x18 _build/nrfx_gpiote.o
 .text.channel_free
                0x0000000000029e40       0x1c _build/nrfx_gpiote.o
 .text.nrf_gpio_pin_port_decode.isra.0.part.1
                0x0000000000029e5c       0x10 _build/nrfx_gpiote.o
 .text.nrf_gpio_cfg_sense_set
                0x0000000000029e6c       0x2e _build/nrfx_gpiote.o
 *fill*         0x0000000000029e9a        0x2 
 .text.nrfx_gpiote_init
                0x0000000000029e9c       0x68 _build/nrfx_gpiote.o
                0x0000000000029e9c                nrfx_gpiote_init
 .text.nrfx_gpiote_is_init
                0x0000000000029f04       0x14 _build/nrfx_gpiote.o
                0x0000000000029f04                nrfx_gpiote_is_init
 .text.nrfx_gpiote_out_init
                0x0000000000029f18      0x11c _build/nrfx_gpiote.o
                0x0000000000029f18                nrfx_gpiote_out_init
 .text.nrfx_gpiote_out_set
                0x000000000002a034       0x5c _build/nrfx_gpiote.o
                0x000000000002a034                nrfx_gpiote_out_set
 .text.nrfx_gpiote_out_clear
                0x000000000002a090       0x5c _build/nrfx_gpiote.o
                0x000000000002a090                nrfx_gpiote_out_clear
 .text.GPIOTE_IRQHandler
                0x000000000002a0ec      0x18c _build/nrfx_gpiote.o
                0x000000000002a0ec                GPIOTE_IRQHandler
 .text.UARTE0_UART0_IRQHandler
                0x000000000002a278       0x20 _build/nrfx_prs.o
                0x000000000002a278                UARTE0_UART0_IRQHandler
 .text.nrfx_prs_acquire
                0x000000000002a298       0x50 _build/nrfx_prs.o
                0x000000000002a298                nrfx_prs_acquire
 .text.nrfx_prs_release
                0x000000000002a2e8       0x28 _build/nrfx_prs.o
                0x000000000002a2e8                nrfx_prs_release
 .text.nrf_saadc_event_clear
                0x000000000002a310       0x18 _build/nrfx_saadc.o
 .text.SAADC_IRQHandler
                0x000000000002a328      0x164 _build/nrfx_saadc.o
                0x000000000002a328                SAADC_IRQHandler
 .text.nrf_gpio_pin_port_decode.isra.0.part.1
                0x000000000002a48c       0x10 _build/nrfx_spim.o
 .text.nrf_gpio_pin_clear
                0x000000000002a49c       0x1c _build/nrfx_spim.o
 .text.nrf_gpio_pin_set
                0x000000000002a4b8       0x1c _build/nrfx_spim.o
 .text.SPIM1_SPIS1_TWIM1_TWIS1_SPI1_TWI1_IRQHandler
                0x000000000002a4d4       0x64 _build/nrfx_spim.o
                0x000000000002a4d4                SPIM1_SPIS1_TWIM1_TWIS1_SPI1_TWI1_IRQHandler
 .text.nrfx_spim_init
                0x000000000002a538      0x230 _build/nrfx_spim.o
                0x000000000002a538                nrfx_spim_init
 .text.nrfx_spim_xfer
                0x000000000002a768      0x16c _build/nrfx_spim.o
                0x000000000002a768                nrfx_spim_xfer
 .text.irq_handler.constprop.0
                0x000000000002a8d4       0x4c _build/nrfx_timer.o
 .text.nrfx_timer_init
                0x000000000002a920      0x178 _build/nrfx_timer.o
                0x000000000002a920                nrfx_timer_init
 .text.nrfx_timer_enable
                0x000000000002aa98       0x38 _build/nrfx_timer.o
                0x000000000002aa98                nrfx_timer_enable
 .text.nrfx_timer_disable
                0x000000000002aad0       0x34 _build/nrfx_timer.o
                0x000000000002aad0                nrfx_timer_disable
 .text.nrfx_timer_is_enabled
                0x000000000002ab04       0x34 _build/nrfx_timer.o
                0x000000000002ab04                nrfx_timer_is_enabled
 .text.nrfx_timer_clear
                0x000000000002ab38       0x2c _build/nrfx_timer.o
                0x000000000002ab38                nrfx_timer_clear
 .text.nrfx_timer_capture
                0x000000000002ab64       0x4c _build/nrfx_timer.o
                0x000000000002ab64                nrfx_timer_capture
 .text.TIMER0_IRQHandler
                0x000000000002abb0       0x10 _build/nrfx_timer.o
                0x000000000002abb0                TIMER0_IRQHandler
 .text.TIMER1_IRQHandler
                0x000000000002abc0       0x10 _build/nrfx_timer.o
                0x000000000002abc0                TIMER1_IRQHandler
 .text.nrf_twim_event_clear
                0x000000000002abd0       0x10 _build/nrfx_twim.o
 .text.SPIM0_SPIS0_TWIM0_TWIS0_SPI0_TWI0_IRQHandler
                0x000000000002abe0      0x158 _build/nrfx_twim.o
                0x000000000002abe0                SPIM0_SPIS0_TWIM0_TWIS0_SPI0_TWI0_IRQHandler
 .text.nrfx_twim_init
                0x000000000002ad38      0x16c _build/nrfx_twim.o
                0x000000000002ad38                nrfx_twim_init
 .text.nrfx_twim_enable
                0x000000000002aea4       0x3c _build/nrfx_twim.o
                0x000000000002aea4                nrfx_twim_enable
 .text.nrfx_twim_disable
                0x000000000002aee0       0x54 _build/nrfx_twim.o
                0x000000000002aee0                nrfx_twim_disable
 .text.nrfx_twim_uninit
                0x000000000002af34       0xb8 _build/nrfx_twim.o
                0x000000000002af34                nrfx_twim_uninit
 .text.nrfx_twim_xfer
                0x000000000002afec      0x2fc _build/nrfx_twim.o
                0x000000000002afec                nrfx_twim_xfer
 .text.nrf_uart_event_clear
                0x000000000002b2e8       0x10 _build/nrfx_uart.o
 .text.tx_byte  0x000000000002b2f8       0x1e _build/nrfx_uart.o
 .text.rx_enable.isra.1
                0x000000000002b316       0x20 _build/nrfx_uart.o
 .text.rx_byte  0x000000000002b336       0x2c _build/nrfx_uart.o
 *fill*         0x000000000002b362        0x2 
 .text.nrf_gpio_pin_port_decode.isra.3.part.4
                0x000000000002b364       0x10 _build/nrfx_uart.o
 .text.rx_done_event.constprop.9
                0x000000000002b374       0x20 _build/nrfx_uart.o
 .text.nrfx_uart_0_irq_handler
                0x000000000002b394      0x13c _build/nrfx_uart.o
                0x000000000002b394                nrfx_uart_0_irq_handler
 .text.nrfx_uart_init
                0x000000000002b4d0      0x208 _build/nrfx_uart.o
                0x000000000002b4d0                nrfx_uart_init
 .text.nrfx_uart_tx
                0x000000000002b6d8       0xe4 _build/nrfx_uart.o
                0x000000000002b6d8                nrfx_uart_tx
 .text.nrfx_uart_rx
                0x000000000002b7bc      0x12c _build/nrfx_uart.o
                0x000000000002b7bc                nrfx_uart_rx
 .text.nrf_uarte_event_clear
                0x000000000002b8e8       0x10 _build/nrfx_uarte.o
 .text.nrf_gpio_pin_port_decode.isra.1.part.2
                0x000000000002b8f8       0x10 _build/nrfx_uarte.o
 .text.rx_done_event.constprop.8
                0x000000000002b908       0x24 _build/nrfx_uarte.o
 .text.nrfx_uarte_0_irq_handler
                0x000000000002b92c       0xec _build/nrfx_uarte.o
                0x000000000002b92c                nrfx_uarte_0_irq_handler
 .text.nrfx_uarte_init
                0x000000000002ba18      0x218 _build/nrfx_uarte.o
                0x000000000002ba18                nrfx_uarte_init
 .text.nrfx_uarte_tx
                0x000000000002bc30       0xe4 _build/nrfx_uarte.o
                0x000000000002bc30                nrfx_uarte_tx
 .text.nrfx_uarte_rx
                0x000000000002bd14      0x12c _build/nrfx_uarte.o
                0x000000000002bd14                nrfx_uarte_rx
 .text.sd_ble_gap_addr_get
                0x000000000002be40        0x4 _build/ble_advdata.o
 .text.sd_ble_gap_appearance_get
                0x000000000002be44        0x4 _build/ble_advdata.o
 .text.sd_ble_gap_device_name_get
                0x000000000002be48        0x4 _build/ble_advdata.o
 .text.sd_ble_uuid_encode
                0x000000000002be4c        0x4 _build/ble_advdata.o
 .text.uuid_list_sized_encode
                0x000000000002be50       0xa4 _build/ble_advdata.o
 .text.uuid_list_encode
                0x000000000002bef4       0x34 _build/ble_advdata.o
 .text.ble_advdata_encode
                0x000000000002bf28      0x37e _build/ble_advdata.o
                0x000000000002bf28                ble_advdata_encode
 .text.ble_advdata_search
                0x000000000002c2a6       0x38 _build/ble_advdata.o
                0x000000000002c2a6                ble_advdata_search
 .text.ble_advdata_parse
                0x000000000002c2de       0x20 _build/ble_advdata.o
                0x000000000002c2de                ble_advdata_parse
 .text.sd_ble_gap_adv_set_configure
                0x000000000002c2fe        0x4 _build/ble_advertising.o
 .text.sd_ble_gap_adv_start
                0x000000000002c302        0x4 _build/ble_advertising.o
 .text.flags_set
                0x000000000002c306       0x2c _build/ble_advertising.o
 .text.ble_advertising_conn_cfg_tag_set
                0x000000000002c332        0x6 _build/ble_advertising.o
                0x000000000002c332                ble_advertising_conn_cfg_tag_set
 .text.ble_advertising_init
                0x000000000002c338       0xe0 _build/ble_advertising.o
                0x000000000002c338                ble_advertising_init
 .text.ble_advertising_start
                0x000000000002c418      0x22c _build/ble_advertising.o
                0x000000000002c418                ble_advertising_start
 .text.ble_advertising_on_ble_evt
                0x000000000002c644       0x6a _build/ble_advertising.o
                0x000000000002c644                ble_advertising_on_ble_evt
 .text.ble_advertising_on_sys_evt
                0x000000000002c6ae       0x28 _build/ble_advertising.o
                0x000000000002c6ae                ble_advertising_on_sys_evt
 .text.sd_ble_gap_conn_param_update
                0x000000000002c6d6        0x4 _build/ble_conn_params.o
 .text.sd_ble_gap_disconnect
                0x000000000002c6da        0x4 _build/ble_conn_params.o
 .text.sd_ble_gap_ppcp_set
                0x000000000002c6de        0x4 _build/ble_conn_params.o
 .text.sd_ble_gap_ppcp_get
                0x000000000002c6e2        0x4 _build/ble_conn_params.o
 *fill*         0x000000000002c6e6        0x2 
 .text.instance_get
                0x000000000002c6e8       0x14 _build/ble_conn_params.o
 .text.send_error_evt
                0x000000000002c6fc       0x10 _build/ble_conn_params.o
 .text.update_timeout_handler
                0x000000000002c70c       0x6c _build/ble_conn_params.o
 .text.conn_params_negotiation
                0x000000000002c778       0x48 _build/ble_conn_params.o
 .text.is_conn_params_ok.constprop.3
                0x000000000002c7c0       0x3c _build/ble_conn_params.o
 .text.ble_evt_handler
                0x000000000002c7fc       0xe0 _build/ble_conn_params.o
 .text.ble_conn_params_init
                0x000000000002c8dc       0x74 _build/ble_conn_params.o
                0x000000000002c8dc                ble_conn_params_init
 .text.ble_srv_is_notification_enabled
                0x000000000002c950        0x8 _build/ble_srv_common.o
                0x000000000002c950                ble_srv_is_notification_enabled
 .text.sd_ble_gap_data_length_update
                0x000000000002c958        0x4 _build/nrf_ble_gatt.o
 .text.sd_ble_gattc_exchange_mtu_request
                0x000000000002c95c        0x4 _build/nrf_ble_gatt.o
 .text.sd_ble_gatts_exchange_mtu_reply
                0x000000000002c960        0x4 _build/nrf_ble_gatt.o
 .text.data_length_update
                0x000000000002c964       0x84 _build/nrf_ble_gatt.o
 .text.nrf_ble_gatt_init
                0x000000000002c9e8       0x2a _build/nrf_ble_gatt.o
                0x000000000002c9e8                nrf_ble_gatt_init
 *fill*         0x000000000002ca12        0x2 
 .text.nrf_ble_gatt_on_ble_evt
                0x000000000002ca14      0x1a4 _build/nrf_ble_gatt.o
                0x000000000002ca14                nrf_ble_gatt_on_ble_evt
 .text.sd_softdevice_enable
                0x000000000002cbb8        0x4 _build/nrf_sdh.o
 .text.sdh_request_observer_notify
                0x000000000002cbbc       0x30 _build/nrf_sdh.o
 .text.sdh_state_observer_notify
                0x000000000002cbec       0x28 _build/nrf_sdh.o
 .text.softdevices_evt_irq_enable
                0x000000000002cc14       0x40 _build/nrf_sdh.o
 .text.nrf_sdh_enable_request
                0x000000000002cc54       0x88 _build/nrf_sdh.o
                0x000000000002cc54                nrf_sdh_enable_request
 .text.nrf_sdh_is_enabled
                0x000000000002ccdc        0xc _build/nrf_sdh.o
                0x000000000002ccdc                nrf_sdh_is_enabled
 .text.nrf_sdh_evts_poll
                0x000000000002cce8       0x28 _build/nrf_sdh.o
                0x000000000002cce8                nrf_sdh_evts_poll
 .text.SWI2_EGU2_IRQHandler
                0x000000000002cd10        0x4 _build/nrf_sdh.o
                0x000000000002cd10                SWI2_EGU2_IRQHandler
 .text.sd_ble_enable
                0x000000000002cd14        0x4 _build/nrf_sdh_ble.o
 .text.sd_ble_evt_get
                0x000000000002cd18        0x4 _build/nrf_sdh_ble.o
 .text.nrf_sdh_ble_evts_poll.part.0
                0x000000000002cd1c       0x58 _build/nrf_sdh_ble.o
 .text.nrf_sdh_ble_evts_poll
                0x000000000002cd74       0x10 _build/nrf_sdh_ble.o
 .text.nrf_sdh_ble_app_ram_start_get
                0x000000000002cd84       0x14 _build/nrf_sdh_ble.o
                0x000000000002cd84                nrf_sdh_ble_app_ram_start_get
 .text.nrf_sdh_ble_enable
                0x000000000002cd98       0x94 _build/nrf_sdh_ble.o
                0x000000000002cd98                nrf_sdh_ble_enable
 .text.sd_ble_gap_addr_set
                0x000000000002ce2c        0x4 _build/simple_ble.o
 .text.sd_ble_gap_adv_stop
                0x000000000002ce30        0x4 _build/simple_ble.o
 .text.sd_ble_gap_disconnect
                0x000000000002ce34        0x4 _build/simple_ble.o
 .text.sd_ble_gap_tx_power_set
                0x000000000002ce38        0x4 _build/simple_ble.o
 .text.sd_ble_gap_appearance_set
                0x000000000002ce3c        0x4 _build/simple_ble.o
 .text.sd_ble_gap_ppcp_set
                0x000000000002ce40        0x4 _build/simple_ble.o
 .text.sd_ble_gap_device_name_set
                0x000000000002ce44        0x4 _build/simple_ble.o
 .text.sd_ble_gap_sec_params_reply
                0x000000000002ce48        0x4 _build/simple_ble.o
 .text.sd_ble_gap_sec_info_reply
                0x000000000002ce4c        0x4 _build/simple_ble.o
 .text.sd_ble_gap_scan_start
                0x000000000002ce50        0x4 _build/simple_ble.o
 .text.sd_ble_gap_phy_update
                0x000000000002ce54        0x4 _build/simple_ble.o
 .text.sd_ble_gatts_sys_attr_set
                0x000000000002ce58        0x4 _build/simple_ble.o
 .text.sd_ble_cfg_set
                0x000000000002ce5c        0x4 _build/simple_ble.o
 .text.sd_power_system_off
                0x000000000002ce60        0x4 _build/simple_ble.o
 .text.conn_params_error_handler
                0x000000000002ce64       0x10 _build/simple_ble.o
 .text.on_conn_params_evt
                0x000000000002ce74       0x24 _build/simple_ble.o
 .text.assert_nrf_callback
                0x000000000002ce98       0x20 _build/simple_ble.o
                0x000000000002ce98                assert_nrf_callback
 .text.ble_address_set
                0x000000000002ceb8       0x5c _build/simple_ble.o
                0x000000000002ceb8                ble_address_set
 .text.ble_stack_init
                0x000000000002cf14      0x12c _build/simple_ble.o
                0x000000000002cf14                ble_stack_init
 .text.gap_params_init
                0x000000000002d040       0x98 _build/simple_ble.o
                0x000000000002d040                gap_params_init
 .text.advertising_init
                0x000000000002d0d8       0x7c _build/simple_ble.o
                0x000000000002d0d8                advertising_init
 .text.conn_params_init
                0x000000000002d154       0x50 _build/simple_ble.o
                0x000000000002d154                conn_params_init
 .text.services_init
                0x000000000002d1a4        0x2 _build/simple_ble.o
                0x000000000002d1a4                services_init
 *fill*         0x000000000002d1a6        0x2 
 .text.initialize_app_timer
                0x000000000002d1a8       0x18 _build/simple_ble.o
                0x000000000002d1a8                initialize_app_timer
 .text.advertising_start
                0x000000000002d1c0       0x24 _build/simple_ble.o
                0x000000000002d1c0                advertising_start
 .text.advertising_stop
                0x000000000002d1e4       0x28 _build/simple_ble.o
                0x000000000002d1e4                advertising_stop
 .text.on_ble_evt
                0x000000000002d20c      0x1c0 _build/simple_ble.o
 .text.scanning_start
                0x000000000002d3cc       0x24 _build/simple_ble.o
                0x000000000002d3cc                scanning_start
 .text.simple_ble_init
                0x000000000002d3f0       0x4c _build/simple_ble.o
                0x000000000002d3f0                simple_ble_init
 .text.errata_12
                0x000000000002d43c       0x40 _build/system_nrf52.o
 .text.errata_16
                0x000000000002d47c       0x34 _build/system_nrf52.o
 .text.SystemInit
                0x000000000002d4b0      0x25c _build/system_nrf52.o
                0x000000000002d4b0                SystemInit
 .text          0x000000000002d70c       0x3c _build/gcc_startup_nrf52.os
                0x000000000002d70c                Reset_Handler
                0x000000000002d734                NMI_Handler
                0x000000000002d738                MemoryManagement_Handler
                0x000000000002d73a                BusFault_Handler
                0x000000000002d73c                UsageFault_Handler
                0x000000000002d73e                SVC_Handler
                0x000000000002d740                DebugMon_Handler
                0x000000000002d742                PendSV_Handler
                0x000000000002d744                SysTick_Handler
                0x000000000002d746                TIMER2_IRQHandler
                0x000000000002d746                RTC0_IRQHandler
                0x000000000002d746                PWM1_IRQHandler
                0x000000000002d746                RADIO_IRQHandler
                0x000000000002d746                PDM_IRQHandler
                0x000000000002d746                TEMP_IRQHandler
                0x000000000002d746                QDEC_IRQHandler
                0x000000000002d746                TIMER3_IRQHandler
                0x000000000002d746                FPU_IRQHandler
                0x000000000002d746                TIMER4_IRQHandler
                0x000000000002d746                I2S_IRQHandler
                0x000000000002d746                SWI4_EGU4_IRQHandler
                0x000000000002d746                PWM2_IRQHandler
                0x000000000002d746                ECB_IRQHandler
                0x000000000002d746                Default_Handler
                0x000000000002d746                CCM_AAR_IRQHandler
                0x000000000002d746                WDT_IRQHandler
                0x000000000002d746                SWI5_EGU5_IRQHandler
                0x000000000002d746                RNG_IRQHandler
                0x000000000002d746                RTC2_IRQHandler
                0x000000000002d746                PWM0_IRQHandler
                0x000000000002d746                SWI3_EGU3_IRQHandler
                0x000000000002d746                SWI1_EGU1_IRQHandler
                0x000000000002d746                SPIM2_SPIS2_SPI2_IRQHandler
                0x000000000002d746                NFCT_IRQHandler
                0x000000000002d746                MWU_IRQHandler
                0x000000000002d746                COMP_LPCOMP_IRQHandler
 .text.exit     0x000000000002d748       0x20 /usr/bin/../lib/gcc/arm-none-eabi/7.3.1/../../../../arm-none-eabi/lib/thumb/v7e-m/fpv4-sp/hard/libc.a(lib_a-exit.o)
                0x000000000002d748                exit
 .text.__libc_init_array
                0x000000000002d768       0x48 /usr/bin/../lib/gcc/arm-none-eabi/7.3.1/../../../../arm-none-eabi/lib/thumb/v7e-m/fpv4-sp/hard/libc.a(lib_a-init.o)
                0x000000000002d768                __libc_init_array
 .text.__locale_mb_cur_max
                0x000000000002d7b0       0x1c /usr/bin/../lib/gcc/arm-none-eabi/7.3.1/../../../../arm-none-eabi/lib/thumb/v7e-m/fpv4-sp/hard/libc.a(lib_a-locale.o)
                0x000000000002d7b0                __locale_mb_cur_max
 .text.__locale_ctype_ptr
                0x000000000002d7cc       0x1c /usr/bin/../lib/gcc/arm-none-eabi/7.3.1/../../../../arm-none-eabi/lib/thumb/v7e-m/fpv4-sp/hard/libc.a(lib_a-locale.o)
                0x000000000002d7cc                __locale_ctype_ptr
 .text.__ascii_mbtowc
                0x000000000002d7e8       0x2c /usr/bin/../lib/gcc/arm-none-eabi/7.3.1/../../../../arm-none-eabi/lib/thumb/v7e-m/fpv4-sp/hard/libc.a(lib_a-mbtowc_r.o)
                0x000000000002d7e8                __ascii_mbtowc
 .text.memcmp   0x000000000002d814       0x64 /usr/bin/../lib/gcc/arm-none-eabi/7.3.1/../../../../arm-none-eabi/lib/thumb/v7e-m/fpv4-sp/hard/libc.a(lib_a-memcmp.o)
                0x000000000002d814                memcmp
 .text          0x000000000002d878      0x134 /usr/bin/../lib/gcc/arm-none-eabi/7.3.1/../../../../arm-none-eabi/lib/thumb/v7e-m/fpv4-sp/hard/libc.a(lib_a-memcpy.o)
                0x000000000002d878                memcpy
 .text.memset   0x000000000002d9ac       0x94 /usr/bin/../lib/gcc/arm-none-eabi/7.3.1/../../../../arm-none-eabi/lib/thumb/v7e-m/fpv4-sp/hard/libc.a(lib_a-memset.o)
                0x000000000002d9ac                memset
 .text.printf   0x000000000002da40       0x28 /usr/bin/../lib/gcc/arm-none-eabi/7.3.1/../../../../arm-none-eabi/lib/thumb/v7e-m/fpv4-sp/hard/libc.a(lib_a-printf.o)
                0x000000000002da40                printf
 .text._puts_r  0x000000000002da68       0x9c /usr/bin/../lib/gcc/arm-none-eabi/7.3.1/../../../../arm-none-eabi/lib/thumb/v7e-m/fpv4-sp/hard/libc.a(lib_a-puts.o)
                0x000000000002da68                _puts_r
 .text.puts     0x000000000002db04       0x10 /usr/bin/../lib/gcc/arm-none-eabi/7.3.1/../../../../arm-none-eabi/lib/thumb/v7e-m/fpv4-sp/hard/libc.a(lib_a-puts.o)
                0x000000000002db04                puts
 .text.rand     0x000000000002db14       0x3c /usr/bin/../lib/gcc/arm-none-eabi/7.3.1/../../../../arm-none-eabi/lib/thumb/v7e-m/fpv4-sp/hard/libc.a(lib_a-rand.o)
                0x000000000002db14                rand
 .text.setbuf   0x000000000002db50       0x10 /usr/bin/../lib/gcc/arm-none-eabi/7.3.1/../../../../arm-none-eabi/lib/thumb/v7e-m/fpv4-sp/hard/libc.a(lib_a-setbuf.o)
                0x000000000002db50                setbuf
 .text.setvbuf  0x000000000002db60      0x180 /usr/bin/../lib/gcc/arm-none-eabi/7.3.1/../../../../arm-none-eabi/lib/thumb/v7e-m/fpv4-sp/hard/libc.a(lib_a-setvbuf.o)
                0x000000000002db60                setvbuf
 .text.snprintf
                0x000000000002dce0       0x90 /usr/bin/../lib/gcc/arm-none-eabi/7.3.1/../../../../arm-none-eabi/lib/thumb/v7e-m/fpv4-sp/hard/libc.a(lib_a-snprintf.o)
                0x000000000002dce0                snprintf
 .text.strcpy   0x000000000002dd70       0xbc /usr/bin/../lib/gcc/arm-none-eabi/7.3.1/../../../../arm-none-eabi/lib/thumb/v7e-m/fpv4-sp/hard/libc.a(lib_a-strcpy.o)
                0x000000000002dd70                strcpy
 *fill*         0x000000000002de2c       0x14 
 .text          0x000000000002de40       0xdc /usr/bin/../lib/gcc/arm-none-eabi/7.3.1/../../../../arm-none-eabi/lib/thumb/v7e-m/fpv4-sp/hard/libc.a(lib_a-strlen.o)
                0x000000000002de40                strlen
 *fill*         0x000000000002df1c        0x4 
 .text._svfprintf_r
                0x000000000002df20     0x19cc /usr/bin/../lib/gcc/arm-none-eabi/7.3.1/../../../../arm-none-eabi/lib/thumb/v7e-m/fpv4-sp/hard/libc.a(lib_a-svfprintf.o)
                0x000000000002df20                _svfprintf_r
 *fill*         0x000000000002f8ec        0x4 
 .text._vfprintf_r
                0x000000000002f8f0     0x1a7c /usr/bin/../lib/gcc/arm-none-eabi/7.3.1/../../../../arm-none-eabi/lib/thumb/v7e-m/fpv4-sp/hard/libc.a(lib_a-vfprintf.o)
                0x000000000002f8f0                _vfprintf_r
 .text.__sbprintf
                0x000000000003136c       0x84 /usr/bin/../lib/gcc/arm-none-eabi/7.3.1/../../../../arm-none-eabi/lib/thumb/v7e-m/fpv4-sp/hard/libc.a(lib_a-vfprintf.o)
 .text.__ascii_wctomb
                0x00000000000313f0       0x1c /usr/bin/../lib/gcc/arm-none-eabi/7.3.1/../../../../arm-none-eabi/lib/thumb/v7e-m/fpv4-sp/hard/libc.a(lib_a-wctomb_r.o)
                0x00000000000313f0                __ascii_wctomb
 .text.__swsetup_r
                0x000000000003140c       0xcc /usr/bin/../lib/gcc/arm-none-eabi/7.3.1/../../../../arm-none-eabi/lib/thumb/v7e-m/fpv4-sp/hard/libc.a(lib_a-wsetup.o)
                0x000000000003140c                __swsetup_r
 .text.startup.register_fini
                0x00000000000314d8       0x14 /usr/bin/../lib/gcc/arm-none-eabi/7.3.1/../../../../arm-none-eabi/lib/thumb/v7e-m/fpv4-sp/hard/libc.a(lib_a-__call_atexit.o)
 .text.__call_exitprocs
                0x00000000000314ec       0xe8 /usr/bin/../lib/gcc/arm-none-eabi/7.3.1/../../../../arm-none-eabi/lib/thumb/v7e-m/fpv4-sp/hard/libc.a(lib_a-__call_atexit.o)
                0x00000000000314ec                __call_exitprocs
 .text.atexit   0x00000000000315d4        0xc /usr/bin/../lib/gcc/arm-none-eabi/7.3.1/../../../../arm-none-eabi/lib/thumb/v7e-m/fpv4-sp/hard/libc.a(lib_a-atexit.o)
                0x00000000000315d4                atexit
 .text.quorem   0x00000000000315e0      0x124 /usr/bin/../lib/gcc/arm-none-eabi/7.3.1/../../../../arm-none-eabi/lib/thumb/v7e-m/fpv4-sp/hard/libc.a(lib_a-dtoa.o)
 *fill*         0x0000000000031704        0x4 
 .text._dtoa_r  0x0000000000031708      0xe20 /usr/bin/../lib/gcc/arm-none-eabi/7.3.1/../../../../arm-none-eabi/lib/thumb/v7e-m/fpv4-sp/hard/libc.a(lib_a-dtoa.o)
                0x0000000000031708                _dtoa_r
 .text.__sflush_r
                0x0000000000032528      0x154 /usr/bin/../lib/gcc/arm-none-eabi/7.3.1/../../../../arm-none-eabi/lib/thumb/v7e-m/fpv4-sp/hard/libc.a(lib_a-fflush.o)
                0x0000000000032528                __sflush_r
 .text._fflush_r
                0x000000000003267c       0x5c /usr/bin/../lib/gcc/arm-none-eabi/7.3.1/../../../../arm-none-eabi/lib/thumb/v7e-m/fpv4-sp/hard/libc.a(lib_a-fflush.o)
                0x000000000003267c                _fflush_r
 .text.std      0x00000000000326d8       0x50 /usr/bin/../lib/gcc/arm-none-eabi/7.3.1/../../../../arm-none-eabi/lib/thumb/v7e-m/fpv4-sp/hard/libc.a(lib_a-findfp.o)
 .text._cleanup_r
                0x0000000000032728        0xc /usr/bin/../lib/gcc/arm-none-eabi/7.3.1/../../../../arm-none-eabi/lib/thumb/v7e-m/fpv4-sp/hard/libc.a(lib_a-findfp.o)
                0x0000000000032728                _cleanup_r
 .text.__sinit  0x0000000000032734       0x58 /usr/bin/../lib/gcc/arm-none-eabi/7.3.1/../../../../arm-none-eabi/lib/thumb/v7e-m/fpv4-sp/hard/libc.a(lib_a-findfp.o)
                0x0000000000032734                __sinit
 .text.__sfp_lock_acquire
                0x000000000003278c        0xc /usr/bin/../lib/gcc/arm-none-eabi/7.3.1/../../../../arm-none-eabi/lib/thumb/v7e-m/fpv4-sp/hard/libc.a(lib_a-findfp.o)
                0x000000000003278c                __sfp_lock_acquire
 .text.__sfp_lock_release
                0x0000000000032798        0xc /usr/bin/../lib/gcc/arm-none-eabi/7.3.1/../../../../arm-none-eabi/lib/thumb/v7e-m/fpv4-sp/hard/libc.a(lib_a-findfp.o)
                0x0000000000032798                __sfp_lock_release
 .text.__libc_fini_array
                0x00000000000327a4       0x34 /usr/bin/../lib/gcc/arm-none-eabi/7.3.1/../../../../arm-none-eabi/lib/thumb/v7e-m/fpv4-sp/hard/libc.a(lib_a-fini.o)
                0x00000000000327a4                __libc_fini_array
 .text._malloc_trim_r
                0x00000000000327d8       0xa0 /usr/bin/../lib/gcc/arm-none-eabi/7.3.1/../../../../arm-none-eabi/lib/thumb/v7e-m/fpv4-sp/hard/libc.a(lib_a-freer.o)
                0x00000000000327d8                _malloc_trim_r
 .text._free_r  0x0000000000032878      0x1e8 /usr/bin/../lib/gcc/arm-none-eabi/7.3.1/../../../../arm-none-eabi/lib/thumb/v7e-m/fpv4-sp/hard/libc.a(lib_a-freer.o)
                0x0000000000032878                _free_r
 .text.__sfvwrite_r
                0x0000000000032a60      0x2fc /usr/bin/../lib/gcc/arm-none-eabi/7.3.1/../../../../arm-none-eabi/lib/thumb/v7e-m/fpv4-sp/hard/libc.a(lib_a-fvwrite.o)
                0x0000000000032a60                __sfvwrite_r
 .text._fwalk_reent
                0x0000000000032d5c       0x54 /usr/bin/../lib/gcc/arm-none-eabi/7.3.1/../../../../arm-none-eabi/lib/thumb/v7e-m/fpv4-sp/hard/libc.a(lib_a-fwalk.o)
                0x0000000000032d5c                _fwalk_reent
 .text._localeconv_r
                0x0000000000032db0       0x1c /usr/bin/../lib/gcc/arm-none-eabi/7.3.1/../../../../arm-none-eabi/lib/thumb/v7e-m/fpv4-sp/hard/libc.a(lib_a-localeconv.o)
                0x0000000000032db0                _localeconv_r
 .text.__retarget_lock_init_recursive
                0x0000000000032dcc        0x4 /usr/bin/../lib/gcc/arm-none-eabi/7.3.1/../../../../arm-none-eabi/lib/thumb/v7e-m/fpv4-sp/hard/libc.a(lib_a-lock.o)
                0x0000000000032dcc                __retarget_lock_init_recursive
 .text.__retarget_lock_close_recursive
                0x0000000000032dd0        0x4 /usr/bin/../lib/gcc/arm-none-eabi/7.3.1/../../../../arm-none-eabi/lib/thumb/v7e-m/fpv4-sp/hard/libc.a(lib_a-lock.o)
                0x0000000000032dd0                __retarget_lock_close_recursive
 .text.__retarget_lock_acquire_recursive
                0x0000000000032dd4        0x4 /usr/bin/../lib/gcc/arm-none-eabi/7.3.1/../../../../arm-none-eabi/lib/thumb/v7e-m/fpv4-sp/hard/libc.a(lib_a-lock.o)
                0x0000000000032dd4                __retarget_lock_acquire_recursive
 .text.__retarget_lock_release_recursive
                0x0000000000032dd8        0x4 /usr/bin/../lib/gcc/arm-none-eabi/7.3.1/../../../../arm-none-eabi/lib/thumb/v7e-m/fpv4-sp/hard/libc.a(lib_a-lock.o)
                0x0000000000032dd8                __retarget_lock_release_recursive
 .text.__swhatbuf_r
                0x0000000000032ddc       0x5c /usr/bin/../lib/gcc/arm-none-eabi/7.3.1/../../../../arm-none-eabi/lib/thumb/v7e-m/fpv4-sp/hard/libc.a(lib_a-makebuf.o)
                0x0000000000032ddc                __swhatbuf_r
 .text.__smakebuf_r
                0x0000000000032e38       0x94 /usr/bin/../lib/gcc/arm-none-eabi/7.3.1/../../../../arm-none-eabi/lib/thumb/v7e-m/fpv4-sp/hard/libc.a(lib_a-makebuf.o)
                0x0000000000032e38                __smakebuf_r
 .text.malloc   0x0000000000032ecc       0x10 /usr/bin/../lib/gcc/arm-none-eabi/7.3.1/../../../../arm-none-eabi/lib/thumb/v7e-m/fpv4-sp/hard/libc.a(lib_a-malloc.o)
                0x0000000000032ecc                malloc
 .text.free     0x0000000000032edc       0x10 /usr/bin/../lib/gcc/arm-none-eabi/7.3.1/../../../../arm-none-eabi/lib/thumb/v7e-m/fpv4-sp/hard/libc.a(lib_a-malloc.o)
                0x0000000000032edc                free
 .text._malloc_r
                0x0000000000032eec      0x548 /usr/bin/../lib/gcc/arm-none-eabi/7.3.1/../../../../arm-none-eabi/lib/thumb/v7e-m/fpv4-sp/hard/libc.a(lib_a-mallocr.o)
                0x0000000000032eec                _malloc_r
 *fill*         0x0000000000033434        0xc 
 .text          0x0000000000033440       0xa0 /usr/bin/../lib/gcc/arm-none-eabi/7.3.1/../../../../arm-none-eabi/lib/thumb/v7e-m/fpv4-sp/hard/libc.a(lib_a-memchr.o)
                0x0000000000033440                memchr
 .text.memmove  0x00000000000334e0       0xc8 /usr/bin/../lib/gcc/arm-none-eabi/7.3.1/../../../../arm-none-eabi/lib/thumb/v7e-m/fpv4-sp/hard/libc.a(lib_a-memmove.o)
                0x00000000000334e0                memmove
 .text.__malloc_lock
                0x00000000000335a8        0xc /usr/bin/../lib/gcc/arm-none-eabi/7.3.1/../../../../arm-none-eabi/lib/thumb/v7e-m/fpv4-sp/hard/libc.a(lib_a-mlock.o)
                0x00000000000335a8                __malloc_lock
 .text.__malloc_unlock
                0x00000000000335b4        0xc /usr/bin/../lib/gcc/arm-none-eabi/7.3.1/../../../../arm-none-eabi/lib/thumb/v7e-m/fpv4-sp/hard/libc.a(lib_a-mlock.o)
                0x00000000000335b4                __malloc_unlock
 .text._Balloc  0x00000000000335c0       0x4c /usr/bin/../lib/gcc/arm-none-eabi/7.3.1/../../../../arm-none-eabi/lib/thumb/v7e-m/fpv4-sp/hard/libc.a(lib_a-mprec.o)
                0x00000000000335c0                _Balloc
 .text._Bfree   0x000000000003360c       0x14 /usr/bin/../lib/gcc/arm-none-eabi/7.3.1/../../../../arm-none-eabi/lib/thumb/v7e-m/fpv4-sp/hard/libc.a(lib_a-mprec.o)
                0x000000000003360c                _Bfree
 .text.__multadd
                0x0000000000033620       0x80 /usr/bin/../lib/gcc/arm-none-eabi/7.3.1/../../../../arm-none-eabi/lib/thumb/v7e-m/fpv4-sp/hard/libc.a(lib_a-mprec.o)
                0x0000000000033620                __multadd
 .text.__hi0bits
                0x00000000000336a0       0x40 /usr/bin/../lib/gcc/arm-none-eabi/7.3.1/../../../../arm-none-eabi/lib/thumb/v7e-m/fpv4-sp/hard/libc.a(lib_a-mprec.o)
                0x00000000000336a0                __hi0bits
 .text.__lo0bits
                0x00000000000336e0       0x60 /usr/bin/../lib/gcc/arm-none-eabi/7.3.1/../../../../arm-none-eabi/lib/thumb/v7e-m/fpv4-sp/hard/libc.a(lib_a-mprec.o)
                0x00000000000336e0                __lo0bits
 .text.__i2b    0x0000000000033740       0x14 /usr/bin/../lib/gcc/arm-none-eabi/7.3.1/../../../../arm-none-eabi/lib/thumb/v7e-m/fpv4-sp/hard/libc.a(lib_a-mprec.o)
                0x0000000000033740                __i2b
 .text.__multiply
                0x0000000000033754      0x14c /usr/bin/../lib/gcc/arm-none-eabi/7.3.1/../../../../arm-none-eabi/lib/thumb/v7e-m/fpv4-sp/hard/libc.a(lib_a-mprec.o)
                0x0000000000033754                __multiply
 .text.__pow5mult
                0x00000000000338a0       0xa0 /usr/bin/../lib/gcc/arm-none-eabi/7.3.1/../../../../arm-none-eabi/lib/thumb/v7e-m/fpv4-sp/hard/libc.a(lib_a-mprec.o)
                0x00000000000338a0                __pow5mult
 .text.__lshift
                0x0000000000033940       0xac /usr/bin/../lib/gcc/arm-none-eabi/7.3.1/../../../../arm-none-eabi/lib/thumb/v7e-m/fpv4-sp/hard/libc.a(lib_a-mprec.o)
                0x0000000000033940                __lshift
 .text.__mcmp   0x00000000000339ec       0x38 /usr/bin/../lib/gcc/arm-none-eabi/7.3.1/../../../../arm-none-eabi/lib/thumb/v7e-m/fpv4-sp/hard/libc.a(lib_a-mprec.o)
                0x00000000000339ec                __mcmp
 .text.__mdiff  0x0000000000033a24       0xec /usr/bin/../lib/gcc/arm-none-eabi/7.3.1/../../../../arm-none-eabi/lib/thumb/v7e-m/fpv4-sp/hard/libc.a(lib_a-mprec.o)
                0x0000000000033a24                __mdiff
 .text.__d2b    0x0000000000033b10       0xc4 /usr/bin/../lib/gcc/arm-none-eabi/7.3.1/../../../../arm-none-eabi/lib/thumb/v7e-m/fpv4-sp/hard/libc.a(lib_a-mprec.o)
                0x0000000000033b10                __d2b
 .text._realloc_r
                0x0000000000033bd4      0x35c /usr/bin/../lib/gcc/arm-none-eabi/7.3.1/../../../../arm-none-eabi/lib/thumb/v7e-m/fpv4-sp/hard/libc.a(lib_a-reallocr.o)
                0x0000000000033bd4                _realloc_r
 .text.frexp    0x0000000000033f30       0x68 /usr/bin/../lib/gcc/arm-none-eabi/7.3.1/../../../../arm-none-eabi/lib/thumb/v7e-m/fpv4-sp/hard/libc.a(lib_a-s_frexp.o)
                0x0000000000033f30                frexp
 .text._sbrk_r  0x0000000000033f98       0x24 /usr/bin/../lib/gcc/arm-none-eabi/7.3.1/../../../../arm-none-eabi/lib/thumb/v7e-m/fpv4-sp/hard/libc.a(lib_a-sbrkr.o)
                0x0000000000033f98                _sbrk_r
 .text.__sread  0x0000000000033fbc       0x24 /usr/bin/../lib/gcc/arm-none-eabi/7.3.1/../../../../arm-none-eabi/lib/thumb/v7e-m/fpv4-sp/hard/libc.a(lib_a-stdio.o)
                0x0000000000033fbc                __sread
 .text.__swrite
                0x0000000000033fe0       0x3c /usr/bin/../lib/gcc/arm-none-eabi/7.3.1/../../../../arm-none-eabi/lib/thumb/v7e-m/fpv4-sp/hard/libc.a(lib_a-stdio.o)
                0x0000000000033fe0                __swrite
 .text.__sseek  0x000000000003401c       0x20 /usr/bin/../lib/gcc/arm-none-eabi/7.3.1/../../../../arm-none-eabi/lib/thumb/v7e-m/fpv4-sp/hard/libc.a(lib_a-stdio.o)
                0x000000000003401c                __sseek
 .text.__sclose
                0x000000000003403c        0x8 /usr/bin/../lib/gcc/arm-none-eabi/7.3.1/../../../../arm-none-eabi/lib/thumb/v7e-m/fpv4-sp/hard/libc.a(lib_a-stdio.o)
                0x000000000003403c                __sclose
 .text.strncpy  0x0000000000034044       0x64 /usr/bin/../lib/gcc/arm-none-eabi/7.3.1/../../../../arm-none-eabi/lib/thumb/v7e-m/fpv4-sp/hard/libc.a(lib_a-strncpy.o)
                0x0000000000034044                strncpy
 .text.__ssprint_r
                0x00000000000340a8       0xf4 /usr/bin/../lib/gcc/arm-none-eabi/7.3.1/../../../../arm-none-eabi/lib/thumb/v7e-m/fpv4-sp/hard/libc.a(lib_a-svfiprintf.o)
                0x00000000000340a8                __ssprint_r
 .text.__sprint_r.part.0
                0x000000000003419c       0x78 /usr/bin/../lib/gcc/arm-none-eabi/7.3.1/../../../../arm-none-eabi/lib/thumb/v7e-m/fpv4-sp/hard/libc.a(lib_a-vfiprintf.o)
 .text.__sprint_r
                0x0000000000034214       0x14 /usr/bin/../lib/gcc/arm-none-eabi/7.3.1/../../../../arm-none-eabi/lib/thumb/v7e-m/fpv4-sp/hard/libc.a(lib_a-vfiprintf.o)
                0x0000000000034214                __sprint_r
 .text.__register_exitproc
                0x0000000000034228       0xc0 /usr/bin/../lib/gcc/arm-none-eabi/7.3.1/../../../../arm-none-eabi/lib/thumb/v7e-m/fpv4-sp/hard/libc.a(lib_a-__atexit.o)
                0x0000000000034228                __register_exitproc
 .text._calloc_r
                0x00000000000342e8       0x68 /usr/bin/../lib/gcc/arm-none-eabi/7.3.1/../../../../arm-none-eabi/lib/thumb/v7e-m/fpv4-sp/hard/libc.a(lib_a-callocr.o)
                0x00000000000342e8                _calloc_r
 .text._close_r
                0x0000000000034350       0x24 /usr/bin/../lib/gcc/arm-none-eabi/7.3.1/../../../../arm-none-eabi/lib/thumb/v7e-m/fpv4-sp/hard/libc.a(lib_a-closer.o)
                0x0000000000034350                _close_r
 .text._fclose_r
                0x0000000000034374       0xd0 /usr/bin/../lib/gcc/arm-none-eabi/7.3.1/../../../../arm-none-eabi/lib/thumb/v7e-m/fpv4-sp/hard/libc.a(lib_a-fclose.o)
                0x0000000000034374                _fclose_r
 .text.__fputwc
                0x0000000000034444       0xa0 /usr/bin/../lib/gcc/arm-none-eabi/7.3.1/../../../../arm-none-eabi/lib/thumb/v7e-m/fpv4-sp/hard/libc.a(lib_a-fputwc.o)
                0x0000000000034444                __fputwc
 .text._fputwc_r
                0x00000000000344e4       0x64 /usr/bin/../lib/gcc/arm-none-eabi/7.3.1/../../../../arm-none-eabi/lib/thumb/v7e-m/fpv4-sp/hard/libc.a(lib_a-fputwc.o)
                0x00000000000344e4                _fputwc_r
 .text._fstat_r
                0x0000000000034548       0x28 /usr/bin/../lib/gcc/arm-none-eabi/7.3.1/../../../../arm-none-eabi/lib/thumb/v7e-m/fpv4-sp/hard/libc.a(lib_a-fstatr.o)
                0x0000000000034548                _fstat_r
 .text._isatty_r
                0x0000000000034570       0x24 /usr/bin/../lib/gcc/arm-none-eabi/7.3.1/../../../../arm-none-eabi/lib/thumb/v7e-m/fpv4-sp/hard/libc.a(lib_a-isattyr.o)
                0x0000000000034570                _isatty_r
 .text._lseek_r
                0x0000000000034594       0x2c /usr/bin/../lib/gcc/arm-none-eabi/7.3.1/../../../../arm-none-eabi/lib/thumb/v7e-m/fpv4-sp/hard/libc.a(lib_a-lseekr.o)
                0x0000000000034594                _lseek_r
 .text._read_r  0x00000000000345c0       0x2c /usr/bin/../lib/gcc/arm-none-eabi/7.3.1/../../../../arm-none-eabi/lib/thumb/v7e-m/fpv4-sp/hard/libc.a(lib_a-readr.o)
                0x00000000000345c0                _read_r
 .text.__swbuf_r
                0x00000000000345ec       0xb0 /usr/bin/../lib/gcc/arm-none-eabi/7.3.1/../../../../arm-none-eabi/lib/thumb/v7e-m/fpv4-sp/hard/libc.a(lib_a-wbuf.o)
                0x00000000000345ec                __swbuf_r
 .text._wcrtomb_r
                0x000000000003469c       0x50 /usr/bin/../lib/gcc/arm-none-eabi/7.3.1/../../../../arm-none-eabi/lib/thumb/v7e-m/fpv4-sp/hard/libc.a(lib_a-wcrtomb.o)
                0x000000000003469c                _wcrtomb_r
 .text._close   0x00000000000346ec       0x10 /usr/bin/../lib/gcc/arm-none-eabi/7.3.1/../../../../arm-none-eabi/lib/thumb/v7e-m/fpv4-sp/hard/libnosys.a(close.o)
                0x00000000000346ec                _close
 .text._fstat   0x00000000000346fc       0x10 /usr/bin/../lib/gcc/arm-none-eabi/7.3.1/../../../../arm-none-eabi/lib/thumb/v7e-m/fpv4-sp/hard/libnosys.a(fstat.o)
                0x00000000000346fc                _fstat
 .text._isatty  0x000000000003470c       0x10 /usr/bin/../lib/gcc/arm-none-eabi/7.3.1/../../../../arm-none-eabi/lib/thumb/v7e-m/fpv4-sp/hard/libnosys.a(isatty.o)
                0x000000000003470c                _isatty
 .text._lseek   0x000000000003471c       0x10 /usr/bin/../lib/gcc/arm-none-eabi/7.3.1/../../../../arm-none-eabi/lib/thumb/v7e-m/fpv4-sp/hard/libnosys.a(lseek.o)
                0x000000000003471c                _lseek
 .text._read    0x000000000003472c       0x10 /usr/bin/../lib/gcc/arm-none-eabi/7.3.1/../../../../arm-none-eabi/lib/thumb/v7e-m/fpv4-sp/hard/libnosys.a(read.o)
                0x000000000003472c                _read
 .text._sbrk    0x000000000003473c       0x1c /usr/bin/../lib/gcc/arm-none-eabi/7.3.1/../../../../arm-none-eabi/lib/thumb/v7e-m/fpv4-sp/hard/libnosys.a(sbrk.o)
                0x000000000003473c                _sbrk
 .text._exit    0x0000000000034758        0x4 /usr/bin/../lib/gcc/arm-none-eabi/7.3.1/../../../../arm-none-eabi/lib/thumb/v7e-m/fpv4-sp/hard/libnosys.a(_exit.o)
                0x0000000000034758                _exit
 *fill*         0x000000000003475c        0x4 
 .text.atan     0x0000000000034760      0x358 /usr/bin/../lib/gcc/arm-none-eabi/7.3.1/../../../../arm-none-eabi/lib/thumb/v7e-m/fpv4-sp/hard/libm.a(lib_a-s_atan.o)
                0x0000000000034760                atan
 .text.fabs     0x0000000000034ab8       0x14 /usr/bin/../lib/gcc/arm-none-eabi/7.3.1/../../../../arm-none-eabi/lib/thumb/v7e-m/fpv4-sp/hard/libm.a(lib_a-s_fabs.o)
                0x0000000000034ab8                fabs
 .text.sqrt     0x0000000000034acc       0xb8 /usr/bin/../lib/gcc/arm-none-eabi/7.3.1/../../../../arm-none-eabi/lib/thumb/v7e-m/fpv4-sp/hard/libm.a(lib_a-w_sqrt.o)
                0x0000000000034acc                sqrt
 .text.__ieee754_sqrt
                0x0000000000034b84      0x194 /usr/bin/../lib/gcc/arm-none-eabi/7.3.1/../../../../arm-none-eabi/lib/thumb/v7e-m/fpv4-sp/hard/libm.a(lib_a-e_sqrt.o)
                0x0000000000034b84                __ieee754_sqrt
 .text.matherr  0x0000000000034d18        0x4 /usr/bin/../lib/gcc/arm-none-eabi/7.3.1/../../../../arm-none-eabi/lib/thumb/v7e-m/fpv4-sp/hard/libm.a(lib_a-s_matherr.o)
                0x0000000000034d18                matherr
 .text.__errno  0x0000000000034d1c        0xc /usr/bin/../lib/gcc/arm-none-eabi/7.3.1/../../../../arm-none-eabi/lib/thumb/v7e-m/fpv4-sp/hard/libc.a(lib_a-errno.o)
                0x0000000000034d1c                __errno
 .text          0x0000000000034d28      0x378 /usr/bin/../lib/gcc/arm-none-eabi/7.3.1/thumb/v7e-m/fpv4-sp/hard/libgcc.a(_arm_addsubdf3.o)
                0x0000000000034d28                __aeabi_drsub
                0x0000000000034d30                __aeabi_dsub
                0x0000000000034d30                __subdf3
                0x0000000000034d34                __adddf3
                0x0000000000034d34                __aeabi_dadd
                0x0000000000034fac                __aeabi_ui2d
                0x0000000000034fac                __floatunsidf
                0x0000000000034fcc                __floatsidf
                0x0000000000034fcc                __aeabi_i2d
                0x0000000000034ff0                __extendsfdf2
                0x0000000000034ff0                __aeabi_f2d
                0x0000000000035034                __aeabi_ul2d
                0x0000000000035034                __floatundidf
                0x0000000000035044                __floatdidf
                0x0000000000035044                __aeabi_l2d
 .text          0x00000000000350a0      0x424 /usr/bin/../lib/gcc/arm-none-eabi/7.3.1/thumb/v7e-m/fpv4-sp/hard/libgcc.a(_arm_muldivdf3.o)
                0x00000000000350a0                __aeabi_dmul
                0x00000000000350a0                __muldf3
                0x00000000000352f4                __aeabi_ddiv
                0x00000000000352f4                __divdf3
 .text          0x00000000000354c4      0x110 /usr/bin/../lib/gcc/arm-none-eabi/7.3.1/thumb/v7e-m/fpv4-sp/hard/libgcc.a(_arm_cmpdf2.o)
                0x00000000000354c4                __gtdf2
                0x00000000000354c4                __gedf2
                0x00000000000354cc                __ltdf2
                0x00000000000354cc                __ledf2
                0x00000000000354d4                __cmpdf2
                0x00000000000354d4                __eqdf2
                0x00000000000354d4                __nedf2
                0x0000000000035550                __aeabi_cdrcmple
                0x0000000000035560                __aeabi_cdcmple
                0x0000000000035560                __aeabi_cdcmpeq
                0x0000000000035570                __aeabi_dcmpeq
                0x0000000000035584                __aeabi_dcmplt
                0x0000000000035598                __aeabi_dcmple
                0x00000000000355ac                __aeabi_dcmpge
                0x00000000000355c0                __aeabi_dcmpgt
 .text          0x00000000000355d4       0x2c /usr/bin/../lib/gcc/arm-none-eabi/7.3.1/thumb/v7e-m/fpv4-sp/hard/libgcc.a(_arm_unorddf2.o)
                0x00000000000355d4                __aeabi_dcmpun
                0x00000000000355d4                __unorddf2
 .text          0x0000000000035600       0x50 /usr/bin/../lib/gcc/arm-none-eabi/7.3.1/thumb/v7e-m/fpv4-sp/hard/libgcc.a(_arm_fixdfsi.o)
                0x0000000000035600                __fixdfsi
                0x0000000000035600                __aeabi_d2iz
 .text          0x0000000000035650       0xa0 /usr/bin/../lib/gcc/arm-none-eabi/7.3.1/thumb/v7e-m/fpv4-sp/hard/libgcc.a(_arm_truncdfsf2.o)
                0x0000000000035650                __aeabi_d2f
                0x0000000000035650                __truncdfsf2
 .text          0x00000000000356f0       0x30 /usr/bin/../lib/gcc/arm-none-eabi/7.3.1/thumb/v7e-m/fpv4-sp/hard/libgcc.a(_aeabi_uldivmod.o)
                0x00000000000356f0                __aeabi_uldivmod
 .text          0x0000000000035720      0x2cc /usr/bin/../lib/gcc/arm-none-eabi/7.3.1/thumb/v7e-m/fpv4-sp/hard/libgcc.a(_udivmoddi4.o)
                0x0000000000035720                __udivmoddi4
 .text          0x00000000000359ec        0x4 /usr/bin/../lib/gcc/arm-none-eabi/7.3.1/thumb/v7e-m/fpv4-sp/hard/libgcc.a(_dvmd_tls.o)
                0x00000000000359ec                __aeabi_ldiv0
                0x00000000000359ec                __aeabi_idiv0
 *(.init)
 .init          0x00000000000359f0        0x4 /usr/bin/../lib/gcc/arm-none-eabi/7.3.1/thumb/v7e-m/fpv4-sp/hard/crti.o
                0x00000000000359f0                _init
 .init          0x00000000000359f4        0x8 /usr/bin/../lib/gcc/arm-none-eabi/7.3.1/thumb/v7e-m/fpv4-sp/hard/crtn.o
 *(.fini)
 .fini          0x00000000000359fc        0x4 /usr/bin/../lib/gcc/arm-none-eabi/7.3.1/thumb/v7e-m/fpv4-sp/hard/crti.o
                0x00000000000359fc                _fini
 .fini          0x0000000000035a00        0x8 /usr/bin/../lib/gcc/arm-none-eabi/7.3.1/thumb/v7e-m/fpv4-sp/hard/crtn.o
 *crtbegin.o(.ctors)
 *crtbegin?.o(.ctors)
 *(EXCLUDE_FILE(*crtend.o *crtend?.o) .ctors)
 *(SORT_BY_NAME(.ctors.*))
 *(.ctors)
 *crtbegin.o(.dtors)
 *crtbegin?.o(.dtors)
 *(EXCLUDE_FILE(*crtend.o *crtend?.o) .dtors)
 *(SORT_BY_NAME(.dtors.*))
 *(.dtors)
 *(.rodata*)
 .rodata        0x0000000000035a08       0x30 _build/main.o
 .rodata.ble_evt_adv_report.str1.1
                0x0000000000035a38       0x3d _build/main.o
 *fill*         0x0000000000035a75        0xb 
 .rodata.delay_bytecode.10082
                0x0000000000035a80        0x6 _build/main.o
 .rodata.main.str1.1
                0x0000000000035a86       0xa6 _build/main.o
                                         0xa7 (size before relaxing)
 .rodata.str1.1
                0x0000000000035b2c       0x24 _build/main.o
 .rodata.twi_mngr_instance
                0x0000000000035b50       0x18 _build/main.o
 *fill*         0x0000000000035b68        0x8 
 .rodata.delay_bytecode.9253
                0x0000000000035b70        0x6 _build/display.o
 .rodata.display_init.str1.1
                0x0000000000035b76       0x6c _build/display.o
 *fill*         0x0000000000035be2        0x2 
 .rodata        0x0000000000035be4        0x8 _build/mpu9250.o
 *fill*         0x0000000000035bec        0x4 
 .rodata.delay_bytecode.9050
                0x0000000000035bf0        0x6 _build/mpu9250.o
 *fill*         0x0000000000035bf6        0x2 
 .rodata.gyro_timer
                0x0000000000035bf8        0x8 _build/mpu9250.o
 .rodata.i2c_reg_write.str1.1
                0x0000000000035c00       0x68 _build/mpu9250.o
 .rodata        0x0000000000035c68       0x18 _build/kobukiUtilities.o
 .rodata.kobukiInit.str1.1
                0x0000000000035c80       0x6f _build/kobukiUtilities.o
 .rodata.app_error_fault_handler.str1.1
                0x0000000000035cef       0xb6 _build/better_error_handling.o
 *fill*         0x0000000000035da5        0xb 
 .rodata.delay_bytecode.9062
                0x0000000000035db0        0x6 _build/better_error_handling.o
 .rodata._DoInit.str1.1
                0x0000000000035db6       0x14 _build/SEGGER_RTT.o
 *fill*         0x0000000000035dca        0x6 
 .rodata.delay_bytecode.9706
                0x0000000000035dd0        0x6 _build/app_timer.o
 *fill*         0x0000000000035dd6        0x2 
 .rodata        0x0000000000035dd8       0x20 _build/app_uart.o
 .rodata.app_uart_get.str1.1
                0x0000000000035df8       0x4b _build/app_uart.o
 .rodata.app_util_critical_region_enter.str1.1
                0x0000000000035e43       0x54 _build/app_util_platform.o
 .rodata.HardFault_c_handler.str1.1
                0x0000000000035e97       0xfb _build/hardfault_implementation.o
 *fill*         0x0000000000035f92        0x2 
 .rodata.cfsr_msgs.9902
                0x0000000000035f94       0x68 _build/hardfault_implementation.o
 .rodata.str1.1
                0x0000000000035ffc      0x4c0 _build/hardfault_implementation.o
 .rodata.nrf_balloc_init.str1.1
                0x00000000000364bc       0x4f _build/nrf_balloc.o
 .rodata.nrf_drv_clock_uninit.str1.1
                0x000000000003650b       0x4e _build/nrf_drv_clock.o
 .rodata.str1.1
                0x0000000000036559        0x6 _build/nrf_drv_clock.o
 *fill*         0x000000000003655f        0x1 
 .rodata        0x0000000000036560       0x10 _build/nrf_drv_spi.o
 .rodata.delay_bytecode.9050
                0x0000000000036570        0x6 _build/nrf_drv_twi.o
 .rodata.nrf_gpio_pin_port_decode.isra.0.part.1.str1.1
                0x0000000000036576       0x42 _build/nrf_drv_twi.o
 .rodata.nrf_fprintf_buffer_flush.str1.1
                0x00000000000365b8       0x45 _build/nrf_fprintf.o
 .rodata._aV2C.7999
                0x00000000000365fd       0x10 _build/nrf_fprintf_format.o
 .rodata.nrf_fprintf_fmt.str1.1
                0x000000000003660d       0x4c _build/nrf_fprintf_format.o
 .rodata.str1.1
                0x0000000000036659        0xd _build/nrf_fstorage.o
 *fill*         0x0000000000036666        0xa 
 .rodata.delay_bytecode.9977
                0x0000000000036670        0x6 _build/nrf_log_backend_rtt.o
 *fill*         0x0000000000036676        0x2 
 .rodata.nrf_log_backend_rtt_api
                0x0000000000036678        0xc _build/nrf_log_backend_rtt.o
                0x0000000000036678                nrf_log_backend_rtt_api
 .rodata.nrf_log_default_backends_init.str1.1
                0x0000000000036684       0x6b _build/nrf_log_default_backends.o
 .rodata.invalid_packets_pushed_str_omit.str1.1
                0x00000000000366ef       0x63 _build/nrf_log_frontend.o
 .rodata.nrf_log_frontend_dequeue.str1.1
                0x0000000000036752       0x11 _build/nrf_log_frontend.o
 .rodata.str1.1
                0x0000000000036763       0x17 _build/nrf_log_frontend.o
 *fill*         0x000000000003677a        0x2 
 .rodata.m_colors
                0x000000000003677c       0x24 _build/nrf_log_str_formatter.o
 .rodata.nrf_log_hexdump_entry_process.str1.1
                0x00000000000367a0        0xf _build/nrf_log_str_formatter.o
                                         0x11 (size before relaxing)
 .rodata.postfix_process.str1.1
                0x00000000000367af        0x8 _build/nrf_log_str_formatter.o
                                          0xb (size before relaxing)
 .rodata.prefix_process.str1.1
                0x00000000000367b7       0x2a _build/nrf_log_str_formatter.o
 *fill*         0x00000000000367e1        0x3 
 .rodata.severity_names
                0x00000000000367e4       0x14 _build/nrf_log_str_formatter.o
 .rodata.str1.1
                0x00000000000367f8       0x4b _build/nrf_log_str_formatter.o
                                         0x51 (size before relaxing)
 .rodata.memobj_op.str1.1
                0x0000000000036843       0x5c _build/nrf_memobj.o
 .rodata.str1.1
                0x000000000003689f        0x9 _build/nrf_pwr_mgmt.o
 .rodata.nrf_queue_next_idx.str1.1
                0x00000000000368a8       0x4d _build/nrf_queue.o
 .rodata.nrf_section_iter_init.str1.1
                0x00000000000368f5       0x68 _build/nrf_section_iter.o
 .rodata.m_unknown_str
                0x000000000003695d       0x13 _build/nrf_strerror.o
 .rodata.nrf_strerror_array
                0x0000000000036970      0x128 _build/nrf_strerror.o
 .rodata.str1.1
                0x0000000000036a98      0x3ba _build/nrf_strerror.o
 .rodata.transaction_end_signal.str1.1
                0x0000000000036e52       0x53 _build/nrf_twi_mngr.o
 .rodata.nrfx_clock_init.str1.1
                0x0000000000036ea5       0x4c _build/nrfx_clock.o
 .rodata.str1.1
                0x0000000000036ef1        0x6 _build/nrfx_clock.o
 .rodata.nrf_gpio_pin_port_decode.isra.0.part.1.str1.1
                0x0000000000036ef7       0x42 _build/nrfx_gpiote.o
 .rodata.nrfx_gpiote_out_init.str1.1
                0x0000000000036ef7       0x4d _build/nrfx_gpiote.o
 .rodata.str1.1
                0x0000000000036f44        0x7 _build/nrfx_gpiote.o
 .rodata.UARTE0_UART0_IRQHandler.str1.1
                0x0000000000036f4b       0x4e _build/nrfx_prs.o
 .rodata.str1.1
                0x0000000000036f99        0x4 _build/nrfx_prs.o
 .rodata.str1.1
                0x0000000000036f9d        0x6 _build/nrfx_saadc.o
 .rodata.SPIM1_SPIS1_TWIM1_TWIS1_SPI1_TWI1_IRQHandler.str1.1
                0x0000000000036fa3       0x4b _build/nrfx_spim.o
 .rodata.nrf_gpio_pin_port_decode.isra.0.part.1.str1.1
                0x0000000000036fee       0x42 _build/nrfx_spim.o
 .rodata.nrfx_spim_init.str1.1
                0x0000000000036fee       0x43 _build/nrfx_spim.o
 .rodata.str1.1
                0x0000000000037031        0x5 _build/nrfx_spim.o
 .rodata.nrfx_timer_init.str1.1
                0x0000000000037036       0x4c _build/nrfx_timer.o
                                         0x8f (size before relaxing)
 .rodata.str1.1
                0x0000000000037082        0x6 _build/nrfx_timer.o
 .rodata.SPIM0_SPIS0_TWIM0_TWIS0_SPI0_TWI0_IRQHandler.str1.1
                0x0000000000037088       0x4b _build/nrfx_twim.o
 .rodata.nrfx_twim_init.str1.1
                0x00000000000370d3       0x85 _build/nrfx_twim.o
 .rodata.str1.1
                0x00000000000370d3        0x5 _build/nrfx_twim.o
 .rodata.nrf_gpio_pin_port_decode.isra.3.part.4.str1.1
                0x00000000000370d8       0x42 _build/nrfx_uart.o
 .rodata.nrfx_uart_init.str1.1
                0x00000000000370d8       0x4b _build/nrfx_uart.o
                                         0x8e (size before relaxing)
 .rodata.str1.1
                0x0000000000037123        0x5 _build/nrfx_uart.o
 .rodata.nrf_gpio_pin_port_decode.isra.1.part.2.str1.1
                0x0000000000037128       0x42 _build/nrfx_uarte.o
 .rodata.nrfx_uarte_init.str1.1
                0x0000000000037128       0x4c _build/nrfx_uarte.o
                                         0x8f (size before relaxing)
 .rodata.str1.1
                0x0000000000037174        0x6 _build/nrfx_uarte.o
 .rodata.data_length_update.str1.1
                0x000000000003717a       0xdf _build/nrf_ble_gatt.o
 .rodata.nrf_ble_gatt_on_ble_evt.str1.1
                0x0000000000037259       0x60 _build/nrf_ble_gatt.o
 .rodata.str1.1
                0x00000000000372b9        0xd _build/nrf_ble_gatt.o
 .rodata        0x00000000000372c6        0x4 _build/nrf_sdh.o
 *fill*         0x00000000000372ca        0x2 
 .rodata.sdh_req_observers
                0x00000000000372cc        0xc _build/nrf_sdh.o
 .rodata.sdh_stack_observers
                0x00000000000372d8        0xc _build/nrf_sdh.o
 .rodata.sdh_state_observers
                0x00000000000372e4        0xc _build/nrf_sdh.o
 .rodata.softdevices_evt_irq_enable.str1.1
                0x00000000000372f0       0x4d _build/nrf_sdh.o
 .rodata.str1.1
                0x000000000003733d        0x8 _build/nrf_sdh.o
 .rodata.nrf_sdh_ble_enable.str1.1
                0x0000000000037345       0xa7 _build/nrf_sdh_ble.o
 .rodata.nrf_sdh_ble_evts_poll.part.0.str1.1
                0x00000000000373ec       0x51 _build/nrf_sdh_ble.o
 *fill*         0x000000000003743d        0x3 
 .rodata.sdh_ble_observers
                0x0000000000037440        0xc _build/nrf_sdh_ble.o
 .rodata.str1.1
                0x000000000003744c        0xc _build/nrf_sdh_ble.o
 .rodata.CONN_SUP_TIMEOUT
                0x0000000000037458        0x4 _build/simple_ble.o
                0x0000000000037458                CONN_SUP_TIMEOUT
 .rodata.FIRST_CONN_PARAMS_UPDATE_DELAY
                0x000000000003745c        0x4 _build/simple_ble.o
                0x000000000003745c                FIRST_CONN_PARAMS_UPDATE_DELAY
 .rodata.SLAVE_LATENCY
                0x0000000000037460        0x4 _build/simple_ble.o
                0x0000000000037460                SLAVE_LATENCY
 .rodata.assert_nrf_callback.str1.1
                0x0000000000037464       0x24 _build/simple_ble.o
 .rodata.conn_params_error_handler.str1.1
                0x0000000000037488       0x2e _build/simple_ble.o
 *fill*         0x00000000000374b6        0x2 
 .rodata._global_impure_ptr
                0x00000000000374b8        0x4 /usr/bin/../lib/gcc/arm-none-eabi/7.3.1/../../../../arm-none-eabi/lib/thumb/v7e-m/fpv4-sp/hard/libc.a(lib_a-impure.o)
                0x00000000000374b8                _global_impure_ptr
 .rodata._setlocale_r.str1.4
                0x00000000000374bc        0xa /usr/bin/../lib/gcc/arm-none-eabi/7.3.1/../../../../arm-none-eabi/lib/thumb/v7e-m/fpv4-sp/hard/libc.a(lib_a-locale.o)
                                          0xd (size before relaxing)
 *fill*         0x00000000000374c6        0x2 
 .rodata.str1.4
                0x00000000000374c8        0x2 /usr/bin/../lib/gcc/arm-none-eabi/7.3.1/../../../../arm-none-eabi/lib/thumb/v7e-m/fpv4-sp/hard/libc.a(lib_a-locale.o)
 *fill*         0x00000000000374ca        0x2 
 .rodata._puts_r.str1.4
                0x00000000000374cc        0x2 /usr/bin/../lib/gcc/arm-none-eabi/7.3.1/../../../../arm-none-eabi/lib/thumb/v7e-m/fpv4-sp/hard/libc.a(lib_a-puts.o)
 *fill*         0x00000000000374ce        0x2 
 .rodata._svfprintf_r.str1.4
                0x00000000000374d0       0x42 /usr/bin/../lib/gcc/arm-none-eabi/7.3.1/../../../../arm-none-eabi/lib/thumb/v7e-m/fpv4-sp/hard/libc.a(lib_a-svfprintf.o)
 *fill*         0x0000000000037512        0x2 
 .rodata.blanks.8590
                0x0000000000037514       0x10 /usr/bin/../lib/gcc/arm-none-eabi/7.3.1/../../../../arm-none-eabi/lib/thumb/v7e-m/fpv4-sp/hard/libc.a(lib_a-svfprintf.o)
 .rodata.zeroes.8591
                0x0000000000037524       0x10 /usr/bin/../lib/gcc/arm-none-eabi/7.3.1/../../../../arm-none-eabi/lib/thumb/v7e-m/fpv4-sp/hard/libc.a(lib_a-svfprintf.o)
 .rodata._vfprintf_r.str1.4
                0x0000000000037534       0x42 /usr/bin/../lib/gcc/arm-none-eabi/7.3.1/../../../../arm-none-eabi/lib/thumb/v7e-m/fpv4-sp/hard/libc.a(lib_a-vfprintf.o)
 .rodata.blanks.8605
                0x0000000000037534       0x10 /usr/bin/../lib/gcc/arm-none-eabi/7.3.1/../../../../arm-none-eabi/lib/thumb/v7e-m/fpv4-sp/hard/libc.a(lib_a-vfprintf.o)
 .rodata.zeroes.8606
                0x0000000000037544       0x10 /usr/bin/../lib/gcc/arm-none-eabi/7.3.1/../../../../arm-none-eabi/lib/thumb/v7e-m/fpv4-sp/hard/libc.a(lib_a-vfprintf.o)
 .rodata._ctype_
                0x0000000000037554      0x101 /usr/bin/../lib/gcc/arm-none-eabi/7.3.1/../../../../arm-none-eabi/lib/thumb/v7e-m/fpv4-sp/hard/libc.a(lib_a-ctype_.o)
                0x0000000000037554                _ctype_
 *fill*         0x0000000000037655        0x3 
 .rodata._dtoa_r.str1.4
                0x0000000000037658       0x10 /usr/bin/../lib/gcc/arm-none-eabi/7.3.1/../../../../arm-none-eabi/lib/thumb/v7e-m/fpv4-sp/hard/libc.a(lib_a-dtoa.o)
                                         0x12 (size before relaxing)
 .rodata.__mprec_bigtens
                0x0000000000037668       0x28 /usr/bin/../lib/gcc/arm-none-eabi/7.3.1/../../../../arm-none-eabi/lib/thumb/v7e-m/fpv4-sp/hard/libc.a(lib_a-mprec.o)
                0x0000000000037668                __mprec_bigtens
 .rodata.__mprec_tens
                0x0000000000037690       0xc8 /usr/bin/../lib/gcc/arm-none-eabi/7.3.1/../../../../arm-none-eabi/lib/thumb/v7e-m/fpv4-sp/hard/libc.a(lib_a-mprec.o)
                0x0000000000037690                __mprec_tens
 .rodata.p05.7367
                0x0000000000037758        0xc /usr/bin/../lib/gcc/arm-none-eabi/7.3.1/../../../../arm-none-eabi/lib/thumb/v7e-m/fpv4-sp/hard/libc.a(lib_a-mprec.o)
 *fill*         0x0000000000037764        0x4 
 .rodata.atanhi
                0x0000000000037768       0x20 /usr/bin/../lib/gcc/arm-none-eabi/7.3.1/../../../../arm-none-eabi/lib/thumb/v7e-m/fpv4-sp/hard/libm.a(lib_a-s_atan.o)
 .rodata.atanlo
                0x0000000000037788       0x20 /usr/bin/../lib/gcc/arm-none-eabi/7.3.1/../../../../arm-none-eabi/lib/thumb/v7e-m/fpv4-sp/hard/libm.a(lib_a-s_atan.o)
 .rodata.sqrt.str1.4
                0x00000000000377a8        0x8 /usr/bin/../lib/gcc/arm-none-eabi/7.3.1/../../../../arm-none-eabi/lib/thumb/v7e-m/fpv4-sp/hard/libm.a(lib_a-w_sqrt.o)
                                          0x5 (size before relaxing)
 *(.eh_frame*)
 .eh_frame      0x00000000000377b0        0x0 /usr/bin/../lib/gcc/arm-none-eabi/7.3.1/thumb/v7e-m/fpv4-sp/hard/crtbegin.o
 .eh_frame      0x00000000000377b0        0x4 /usr/bin/../lib/gcc/arm-none-eabi/7.3.1/thumb/v7e-m/fpv4-sp/hard/crtend.o

.glue_7         0x00000000000377b4        0x0
 .glue_7        0x00000000000377b4        0x0 linker stubs

.glue_7t        0x00000000000377b4        0x0
 .glue_7t       0x00000000000377b4        0x0 linker stubs

.vfp11_veneer   0x00000000000377b4        0x0
 .vfp11_veneer  0x00000000000377b4        0x0 linker stubs

.v4_bx          0x00000000000377b4        0x0
 .v4_bx         0x00000000000377b4        0x0 linker stubs

.iplt           0x00000000000377b4        0x0
 .iplt          0x00000000000377b4        0x0 /usr/bin/../lib/gcc/arm-none-eabi/7.3.1/thumb/v7e-m/fpv4-sp/hard/crtbegin.o

.mem_section_dummy_rom

.sdh_soc_observers
                0x00000000000377b4       0x10
                [!provide]                        PROVIDE (__start_sdh_soc_observers = .)
 *(SORT_BY_NAME(.sdh_soc_observers*))
 .sdh_soc_observers0
                0x00000000000377b4        0x8 _build/nrf_drv_clock.o
 .sdh_soc_observers1
                0x00000000000377bc        0x8 _build/simple_ble.o
                [!provide]                        PROVIDE (__stop_sdh_soc_observers = .)

.crypto_data    0x00000000000377c4        0x0
                [!provide]                        PROVIDE (__start_crypto_data = .)
 *(SORT_BY_NAME(.crypto_data*))
                [!provide]                        PROVIDE (__stop_crypto_data = .)

.log_const_data
                0x00000000000377c4       0x98
                0x00000000000377c4                PROVIDE (__start_log_const_data = .)
 *(SORT_BY_NAME(.log_const_data*))
 .log_const_data_CLOCK
                0x00000000000377c4        0x8 _build/nrfx_clock.o
                0x00000000000377c4                m_nrf_log_CLOCK_logs_data_const
 .log_const_data_GPIOTE
                0x00000000000377cc        0x8 _build/nrfx_gpiote.o
                0x00000000000377cc                m_nrf_log_GPIOTE_logs_data_const
 .log_const_data_PRS
                0x00000000000377d4        0x8 _build/nrfx_prs.o
                0x00000000000377d4                m_nrf_log_PRS_logs_data_const
 .log_const_data_SAADC
                0x00000000000377dc        0x8 _build/nrfx_saadc.o
                0x00000000000377dc                m_nrf_log_SAADC_logs_data_const
 .log_const_data_SPIM
                0x00000000000377e4        0x8 _build/nrfx_spim.o
                0x00000000000377e4                m_nrf_log_SPIM_logs_data_const
 .log_const_data_TIMER
                0x00000000000377ec        0x8 _build/nrfx_timer.o
                0x00000000000377ec                m_nrf_log_TIMER_logs_data_const
 .log_const_data_TWIM
                0x00000000000377f4        0x8 _build/nrfx_twim.o
                0x00000000000377f4                m_nrf_log_TWIM_logs_data_const
 .log_const_data_UART
                0x00000000000377fc        0x8 _build/nrfx_uart.o
                0x00000000000377fc                m_nrf_log_UART_logs_data_const
 .log_const_data_UARTE
                0x0000000000037804        0x8 _build/nrfx_uarte.o
                0x0000000000037804                m_nrf_log_UARTE_logs_data_const
 .log_const_data_app
                0x000000000003780c        0x8 _build/nrf_log_frontend.o
                0x000000000003780c                m_nrf_log_app_logs_data_const
 .log_const_data_balloc_log_mempool
                0x0000000000037814        0x8 _build/nrf_log_frontend.o
                0x0000000000037814                m_nrf_log_balloc_log_mempool_logs_data_const
 .log_const_data_clock
                0x000000000003781c        0x8 _build/nrf_drv_clock.o
                0x000000000003781c                m_nrf_log_clock_logs_data_const
 .log_const_data_hardfault
                0x0000000000037824        0x8 _build/hardfault_implementation.o
                0x0000000000037824                m_nrf_log_hardfault_logs_data_const
 .log_const_data_nrf_ble_gatt
                0x000000000003782c        0x8 _build/nrf_ble_gatt.o
                0x000000000003782c                m_nrf_log_nrf_ble_gatt_logs_data_const
 .log_const_data_nrf_fstorage
                0x0000000000037834        0x8 _build/nrf_fstorage.o
                0x0000000000037834                m_nrf_log_nrf_fstorage_logs_data_const
 .log_const_data_nrf_sdh
                0x000000000003783c        0x8 _build/nrf_sdh.o
                0x000000000003783c                m_nrf_log_nrf_sdh_logs_data_const
 .log_const_data_nrf_sdh_ble
                0x0000000000037844        0x8 _build/nrf_sdh_ble.o
                0x0000000000037844                m_nrf_log_nrf_sdh_ble_logs_data_const
 .log_const_data_pwr_mgmt
                0x000000000003784c        0x8 _build/nrf_pwr_mgmt.o
                0x000000000003784c                m_nrf_log_pwr_mgmt_logs_data_const
 .log_const_data_queue_twi_mngr_instance_queue
                0x0000000000037854        0x8 _build/main.o
                0x0000000000037854                m_nrf_log_queue_twi_mngr_instance_queue_logs_data_const
                0x000000000003785c                PROVIDE (__stop_log_const_data = .)

.nrf_balloc     0x000000000003785c       0x18
                [!provide]                        PROVIDE (__start_nrf_balloc = .)
 *(.nrf_balloc)
 .nrf_balloc    0x000000000003785c       0x18 _build/nrf_log_frontend.o
                0x000000000003785c                log_mempool
                [!provide]                        PROVIDE (__stop_nrf_balloc = .)

.nrf_queue      0x0000000000037874       0x18
                [!provide]                        PROVIDE (__start_nrf_queue = .)
 *(.nrf_queue)
 .nrf_queue     0x0000000000037874       0x18 _build/main.o
                0x0000000000037874                twi_mngr_instance_queue
                [!provide]                        PROVIDE (__stop_nrf_queue = .)

.sdh_state_observers
                0x000000000003788c        0x8
                0x000000000003788c                PROVIDE (__start_sdh_state_observers = .)
 *(SORT_BY_NAME(.sdh_state_observers*))
 .sdh_state_observers0
                0x000000000003788c        0x8 _build/nrf_drv_clock.o
                0x0000000000037894                PROVIDE (__stop_sdh_state_observers = .)

.sdh_stack_observers
                0x0000000000037894        0x8
                0x0000000000037894                PROVIDE (__start_sdh_stack_observers = .)
 *(SORT_BY_NAME(.sdh_stack_observers*))
 .sdh_stack_observers0
                0x0000000000037894        0x8 _build/nrf_sdh_ble.o
                0x000000000003789c                PROVIDE (__stop_sdh_stack_observers = .)

.sdh_req_observers
                0x000000000003789c        0x0
                0x000000000003789c                PROVIDE (__start_sdh_req_observers = .)
 *(SORT_BY_NAME(.sdh_req_observers*))
                0x000000000003789c                PROVIDE (__stop_sdh_req_observers = .)

.cli_command    0x000000000003789c        0x0
                [!provide]                        PROVIDE (__start_cli_command = .)
 *(.cli_command)
                [!provide]                        PROVIDE (__stop_cli_command = .)

.pwr_mgmt_data  0x000000000003789c        0x0
                0x000000000003789c                PROVIDE (__start_pwr_mgmt_data = .)
 *(SORT_BY_NAME(.pwr_mgmt_data*))
                0x000000000003789c                PROVIDE (__stop_pwr_mgmt_data = .)

.sdh_ble_observers
                0x000000000003789c       0x20
                0x000000000003789c                PROVIDE (__start_sdh_ble_observers = .)
 *(SORT_BY_NAME(.sdh_ble_observers*))
 .sdh_ble_observers1
                0x000000000003789c        0x8 _build/ble_conn_params.o
 .sdh_ble_observers1
                0x00000000000378a4       0x10 _build/simple_ble.o
 .sdh_ble_observers3
                0x00000000000378b4        0x8 _build/simple_ble.o
                0x00000000000378bc                PROVIDE (__stop_sdh_ble_observers = .)

.dfu_trans      0x00000000000378bc        0x0
                [!provide]                        PROVIDE (__start_dfu_trans = .)
 *(SORT_BY_NAME(.dfu_trans*))
                [!provide]                        PROVIDE (__stop_dfu_trans = .)

.ARM.extab
 *(.ARM.extab* .gnu.linkonce.armextab.*)
                0x00000000000378bc                __exidx_start = .

.ARM.exidx      0x00000000000378bc        0x8
 *(.ARM.exidx* .gnu.linkonce.armexidx.*)
 .ARM.exidx     0x00000000000378bc        0x8 /usr/bin/../lib/gcc/arm-none-eabi/7.3.1/../../../../arm-none-eabi/lib/thumb/v7e-m/fpv4-sp/hard/crt0.o
 .ARM.exidx     0x00000000000378c4        0x0 /usr/bin/../lib/gcc/arm-none-eabi/7.3.1/thumb/v7e-m/fpv4-sp/hard/libgcc.a(_udivmoddi4.o)
                                          0x8 (size before relaxing)